[{"id":"8e737763-d0b1-4052-98ca-94011a373945","created_at":"2022-11-01T20:23:53.951261Z","updated_at":"2025-01-03T14:30:16.599945Z","course_id":"a5f7ec37-3848-4392-8d07-13f5dc688181","exam_id":null,"chapter_id":"ea08b338-88af-4d2b-9e25-04fcc5a105b2","url_path":"/chapter-2","title":"Versionhallinta","deleted_at":null,"content":[{"attributes":{"subtitle":"","title":"Versionhallinta"},"clientId":"09118d44-9f91-4b66-90d8-463cb554df2c","innerBlocks":[],"isValid":true,"name":"moocfi/hero-section"},{"attributes":{"ordered":false,"values":""},"clientId":"c1d5c33a-6df5-47b7-9f7a-129b08b7d506","innerBlocks":[{"attributes":{"content":"Ymmärtää, mitä hyötyä versionhallinnan käyttämisestä on."},"clientId":"ee15ac75-7b3d-4a54-a52f-14a1ae7f1bed","innerBlocks":[],"isValid":true,"name":"core/list-item"},{"attributes":{"content":"Osaa luoda Git-projektin."},"clientId":"6aecee66-b925-4cd3-bf0b-f5fe807fbebc","innerBlocks":[],"isValid":true,"name":"core/list-item"},{"attributes":{"content":"Tietää, mikä on commit, ja osaa luoda sellaisen."},"clientId":"3f64c7fa-5f3f-46d9-9abf-3fcdd8b4161a","innerBlocks":[],"isValid":true,"name":"core/list-item"},{"attributes":{"content":"Ymmärtää, missä eri tiloissa muutos on, kun sitä lisätään commitiin, ja miten muutoksia voi perua, ennen kuin ne on lisätty committiin."},"clientId":"77cfd17a-63c2-4224-aa6c-b0f4c0f6190b","innerBlocks":[],"isValid":true,"name":"core/list-item"},{"attributes":{"content":"Tietää, mikä on main-haara."},"clientId":"d4da1474-c6ea-43a5-a6cd-14c0ab0471fa","innerBlocks":[],"isValid":true,"name":"core/list-item"},{"attributes":{"content":"Osaa lukea komennon <code>git status</code> tulostusta."},"clientId":"52dbdaa1-477d-470b-9c3a-3b318c93f2b2","innerBlocks":[],"isValid":true,"name":"core/list-item"},{"attributes":{"content":"Osaa luoda GitHubissa repositorion, ja lisätä sen projektin etärepositorioksi."},"clientId":"80381741-1d69-41ff-8679-8695ccecd1e5","innerBlocks":[],"isValid":true,"name":"core/list-item"},{"attributes":{"content":"Osaa käyttää GitHubia SSH-yhteyden kautta."},"clientId":"079ea8c3-f732-410f-bc25-89a6b9eb93e3","innerBlocks":[],"isValid":true,"name":"core/list-item"},{"attributes":{"content":"Osaa julkaista paikallisesti luomansa commitit."},"clientId":"83904277-f846-499e-8805-11c536c403f1","innerBlocks":[],"isValid":true,"name":"core/list-item"},{"attributes":{"content":"Osaa hakea etärepositoriosta uusimmat commitit."},"clientId":"a92a912e-3268-47a9-b283-ef8bda94615a","innerBlocks":[],"isValid":true,"name":"core/list-item"},{"attributes":{"content":"Osaa asettaa muutoksia stashiin, ja siirtää niitä takaisin näkyville."},"clientId":"a39b1261-e131-48b8-ac08-c38f8a768f48","innerBlocks":[],"isValid":true,"name":"core/list-item"},{"attributes":{"content":"Ymmärtää, mikä on merge-commit."},"clientId":"ab1230dc-c4c7-4339-bed0-e3a649390a9d","innerBlocks":[],"isValid":true,"name":"core/list-item"},{"attributes":{"content":"Ymmärtää, miten merge-konflikti muodostuu."},"clientId":"486ce8f7-3830-4627-9e42-90391abb7d73","innerBlocks":[],"isValid":true,"name":"core/list-item"},{"attributes":{"content":"Osaa ratkaista merge-konfliktin."},"clientId":"1a997da1-0451-4368-9be1-9e45290766a6","innerBlocks":[],"isValid":true,"name":"core/list-item"},{"attributes":{"content":"Osaa tarkastella GitHubissa ja komentoriviltä vanhoja committeja, ja osaa siirtyä takaisin main-haaran viimeisimpään commitiin."},"clientId":"f44655ed-73f5-4220-8122-508e2665baea","innerBlocks":[],"isValid":true,"name":"core/list-item"},{"attributes":{"content":"Osaa kloonata Git-projektin omalle koneelleen."},"clientId":"8c6aec10-fb1e-41ca-950c-e3484956c1c8","innerBlocks":[],"isValid":true,"name":"core/list-item"},{"attributes":{"content":"Ymmärtää, miten Gitiä ja GitHubia voidaan hyödyntää yhteistyössä."},"clientId":"afbe1d80-f806-4e00-b7a7-470f6ee6a5d5","innerBlocks":[],"isValid":true,"name":"core/list-item"},{"attributes":{"content":"Tietää, mikä on issue."},"clientId":"f078e247-458a-4041-98be-39c887dae3d5","innerBlocks":[],"isValid":true,"name":"core/list-item"},{"attributes":{"content":"Tietää, mitä tarkoittaa forkkaaminen."},"clientId":"f16502a1-717c-4618-840a-fe7ab2efd4e0","innerBlocks":[],"isValid":true,"name":"core/list-item"},{"attributes":{"content":"Tietää, mikä on pull request."},"clientId":"51df7da9-bbcb-42d0-9e38-4f85c2d44adb","innerBlocks":[],"isValid":true,"name":"core/list-item"},{"attributes":{"content":"Osaa hakea tietoa Gitin käytöstä internetistä."},"clientId":"cdd5f433-3fab-440d-9f87-e1869cc8e5b7","innerBlocks":[],"isValid":true,"name":"core/list-item"}],"isValid":true,"name":"core/list"},{"attributes":{},"clientId":"7d444445-dbe5-4d13-8e72-5a3af6ccbbd6","innerBlocks":[],"isValid":true,"name":"moocfi/exercises-in-chapter"},{"attributes":{"anchor":"versionhallinta-git-ja-github","content":"Versionhallinta: Git ja GitHub","level":1},"clientId":"6755d35e-809c-4c23-bdf4-dd7709c5fdec","innerBlocks":[],"isValid":true,"name":"core/heading"},{"attributes":{"content":"Tässä osassa käsitellään versionhallintaa. Versionhallinta tarkoittaa palvelua, joka säilöö koodia. Sen käyttöön on pääsääntöisesti kaksi motiivia. 1) Versionhallinnan avulla voidaan pitää varmuuskopioita sekä ohjelman nykyisestä, että aiemmista versiosta. 2) Lisäksi sen avulla voidaan helposti jakaa koodia muille, sekä osallistua muiden projekteihin.","dropCap":false},"clientId":"e6b2c315-e067-429e-a44e-8aed9cfa68fc","innerBlocks":[],"isValid":true,"name":"core/paragraph"},{"attributes":{"content":"Versionhallintatyökalujen avulla on mahdollista merkitä jokin projektin tila sellaiseksi, että siihen voidaan palata myöhemmin. Näin ollen jos jotain menee pieleen uusien ominaisuuksien kehityksessä, voidaan palata aikaisempaan, toimivaan versioon. Versionhallinnassa pidetään kaikkia merkittyjä tiloja. Näin ollen nähdään, miten ohjelman kehitys on edistynyt, milloin ja millaisia muutoksia ollaan tehty, ja kenen toimesta. Tämä helpottaa myös esimerkiksi suurempien bugien, eli ohjelman toiminnassa esiintyvien virheiden metsästystä.","dropCap":false},"clientId":"faaead3e-d7cd-4608-8fa3-ef014bc8a422","innerBlocks":[],"isValid":true,"name":"core/paragraph"},{"attributes":{"content":"Toisin kuin useiden mielikuvissa, koodaaminen tapahtuu useimmiten ryhmässä. Versionhallintatyökalujen avulla ihmisten on mahdollista käyttää ja kehittää toistensa tekemää koodia, jopa tapaamatta koskaan fyysisesti. Projekteille on mahdollista antaa niin sanallista palautetta, kuten vikailmoituksia, kuin konkreettisia parannusehdotuksia koodin muodossa. Lisäksi kaikki tekijät näkevät koodin kehityskaaren, jolloin on helpompi tehdä yhteistyötä.","dropCap":false},"clientId":"1bfed90c-326c-4684-995a-81acf9c2f72c","innerBlocks":[],"isValid":true,"name":"core/paragraph"},{"attributes":{"content":"Voit lukea versionhallinan hyödyistä <a href=\"https://www.atlassian.com/git/tutorials/what-is-version-control\">Atlassian Bitbucketin sivulta</a>. Jos haluat lukea perusteellisemman tekstin, katso esimerkiksi <a href=\"https://www.what-could-possibly-go-wrong.com/version-control#why-use-version-control\">tämä sivu</a> (kohta \"Why use version control\").","dropCap":false},"clientId":"ec998917-6528-4a3e-85ba-61a1c6f7868f","innerBlocks":[],"isValid":true,"name":"core/paragraph"},{"attributes":{"content":"Git on eräs versionhallintatyökalu. Tässä osassa käsitellään Gitin ja siihen liittyvän GitHub-palvelun käyttöä erityisesti koodiprojektien kontekstissa.","dropCap":false},"clientId":"04a0ef95-4093-4be4-a06a-43b792a7e28d","innerBlocks":[],"isValid":true,"name":"core/paragraph"},{"attributes":{"anchor":"yleisesti-gitistä","content":"Yleisesti Gitistä","level":2},"clientId":"f82cce12-e748-4f1a-9ba7-283c6f9a1e5b","innerBlocks":[],"isValid":true,"name":"core/heading"},{"attributes":{"content":"Gitin on luonut Helsingin yliopiston tietojenkäsittelytieteen laitoksella 90-luvulla opiskellut Linus Torvalds. Torvalds tunnetaan luultavasti paremmin Linux-kernelin kehittäjänä, joka toimii “sydämenä” monille erittäin suosituille käyttöjärjestelmille, kuten Googlen <a href=\"https://en.wikipedia.org/wiki/Android_(operating_system)\">Androidille</a>. Lähes kaikissa osaston koneissa on Linux-käyttöjärjestelmä. Torvalds kehitti Gitin nimenomaan omiin tarpeisiinsa koodatessaan Linux-kerneliä. Hän tarvitsi työkalun, jolla voi säilyttää eri versioita omasta koodistaan, sekä jakaa sitä muiden kehitykseen osallistuneiden kanssa.","dropCap":false},"clientId":"e832c12c-ed0d-4d6d-a506-9192421011f7","innerBlocks":[],"isValid":true,"name":"core/paragraph"},{"attributes":{"content":"GitHub on myöhemmin kehitetty palvelu, jonka avulla voidaan säilyttää ja julkaista Git-projekteja. GitHubiin verrannollisia palveluita on useita, kuten esimerkiksi <a href=\"https://about.gitlab.com/\">GitLab</a> sekä yliopiston oma GitLab-asennus osoitteessa <a href=\"https://version.helsinki.fi/\">https://version.helsinki.fi/</a>. Laitoksellamme GitHubin käyttö on kuitenkin yleisempää, siksi tämä osa käsittelee GitHubia.","dropCap":false},"clientId":"586e90a7-d54b-41f4-96fb-2e0c069a15a9","innerBlocks":[],"isValid":true,"name":"core/paragraph"},{"attributes":{"content":"Gitiä ja GitHubia käytetään yliopistolla yksilö- ja ryhmätöissä, sekä yleisesti työelämässä. Niiden käyttö ei rajoitu pelkästään koodiin, vaan moni pitää esimerkiksi kandinsa tai gradunsa Gitissä. Tässä osassa keskitytään lähinnä koodin jakamiseen Gitin avulla GitHubissa, ja siinä usein kohdattuihin ongelmiin. Lisää Gitistä oppii esimerkiksi kursseilla Ohjelmistotekniikka ja Ohjelmistotuotanto.","dropCap":false},"clientId":"205282b5-e0ea-4007-b5cc-58f27c1cd034","innerBlocks":[],"isValid":true,"name":"core/paragraph"},{"attributes":{"id":"b1a897c8-f0bc-4bb3-8127-cfe16a87b65d"},"clientId":"5f0db37c-3f6f-4da4-b0e8-9785754436f8","innerBlocks":[],"isValid":true,"name":"moocfi/exercise"},{"attributes":{"id":"080acdf1-0f5f-4bf9-88a5-861bc6e64bd3"},"clientId":"51b2e2ab-fdab-451f-b15f-1a81a7700d0a","innerBlocks":[],"isValid":true,"name":"moocfi/exercise"},{"attributes":{"backgroundColor":"#ebf5fb","separatorColor":"#007acc"},"clientId":"631cf7be-a044-426b-84b0-419823550cf2","innerBlocks":[{"attributes":{"content":"Noreply-osoitteet uusilla käyttäjillä","level":5},"clientId":"009565b9-051b-4fc2-b120-7f613f8f7c5b","innerBlocks":[],"isValid":true,"name":"core/heading"},{"attributes":{"content":"Huomaa Note-kohta ylläolevassa tehtävässä linkatulla sivulla! Noreplyn muoto riippuu siitä, milloin olet luonut käyttäjätunnuksen. Jos loit tunnuksesi vasta tällä kurssilla, saat asetettua noreply-sähköpostiosoitteen vasta kun asetat käyttäjätilisi asetuksista sähköpostiosoitteesi yksityiseksi.","dropCap":false},"clientId":"a5d857f3-5112-4bd2-a47f-7eff0408de0c","innerBlocks":[],"isValid":true,"name":"core/paragraph"}],"isValid":true,"name":"moocfi/aside"},{"attributes":{"anchor":"git-projektin-aloittaminen","content":"Git-projektin aloittaminen","level":2},"clientId":"3e9a823e-36fb-43e7-a7f1-c363fee885dd","innerBlocks":[],"isValid":true,"name":"core/heading"},{"attributes":{"content":"Projekti on kansio, joka sisältää jotain tiedostoja. Näissä tiedostoissa voi esimerkiksi olla koodia niin, että yhdessä projekti muodostaa monimutkaisen ongelman. Kansiosta saa luotua Git-projektin ajamalla komennon <code>git init</code> kyseisen kansion sisällä. Näin on tehtävä, jotta kansion sisällä voi ajaa git-komentoja. Seurauksena kansioon syntyy alikansio <code>.git</code>, johon git säilöö tietoa kyseisestä projektista.","dropCap":false},"clientId":"270148fb-8392-49af-8bd1-eec7b512fb06","innerBlocks":[],"isValid":true,"name":"core/paragraph"},{"attributes":{"anchor":"commitit","content":"Commitit","level":3},"clientId":"d3e7c94e-0198-4147-a213-05ee07bfc112","innerBlocks":[],"isValid":true,"name":"core/heading"},{"attributes":{"content":"Tietoa tallennetaan Git-projektiin committeina. Commit on eräänlainen paketti projektin tiedostoihin tehtyjä <em>muutoksia</em>. Käytännössä muutokset tarkoittavat esimerkiksi sitä, että tekstiä lisättiin tai poistettiin jostain projektin tiedostosta.","dropCap":false},"clientId":"52c4fd6b-4207-4e34-ad1f-2545ecf9d641","innerBlocks":[],"isValid":true,"name":"core/paragraph"},{"attributes":{"content":"Committia voi ajatella uutena askeleena kohti valmista projektia. Jokaisessa commitissa lisätään edelliseen committiin jotain muutoksia. Esimerkiksi ohjelmaa koodattaessa uuden toiminnallisuuden lisääminen voitaisiin luontevasti paketoida yhteen committiin.","dropCap":false},"clientId":"76bee90d-ce25-4d2d-baf5-a1f732622343","innerBlocks":[],"isValid":true,"name":"core/paragraph"},{"attributes":{"content":"Commitin luominen tapahtuu niin, että siihen haluttavat muutokset lisätään <em>staging</em>-tilaan. Kun kaikki halutut muutokset ovat kyseisessä tilassa, ajetaan commitin luova komento, joka yhdistää kaikki stagingissa olevat muutokset yhdeksi commitiksi.","dropCap":false},"clientId":"3f14eeb7-4ba8-4102-a6d5-ea11840731e7","innerBlocks":[],"isValid":true,"name":"core/paragraph"},{"attributes":{"content":"Tarkastellaan seuraavaksi commitin luomista esimerkin kautta.","dropCap":false},"clientId":"e7ca6938-5718-4c12-8391-85815d1c101f","innerBlocks":[],"isValid":true,"name":"core/paragraph"},{"attributes":{"content":"Komento <code>git status</code> on erittäin hyödyllinen, sillä se antaa tietoa Git-projektin ja sen sisältämien muutosten tämänhetkisestä tilasta.","dropCap":false},"clientId":"7d163dc4-2c17-464b-bc26-d8494ac6985e","innerBlocks":[],"isValid":true,"name":"core/paragraph"},{"attributes":{"content":"Luodaan nyt Git-projektikansio, ja lisätään sinne tyhjä tiedosto <code>lapio_vko2.txt</code> vaikka komennolla <code>touch</code>. Kun ollaan vasta luotu Git-projekti, lisätty sinne tiedosto, ja ajetaan <code>git status</code>, tulostuu","dropCap":false},"clientId":"23a36f33-b008-447a-bac2-3d7160744727","innerBlocks":[],"isValid":true,"name":"core/paragraph"},{"attributes":{"content":"On branch main\nUntracked files:\n  (use \"git add &lt;file&gt;...\" to include in what will be committed)\n\n\tlapio_vko2.txt\n\nnothing added to commit but untracked files present (use \"git add\" to track)\n"},"clientId":"7be47098-6ac9-4ce6-9b41-ca83c827fd15","innerBlocks":[],"isValid":true,"name":"core/code"},{"attributes":{"content":"Pureskellaan seuraavaksi hieman tulostuksen sisältöä.","dropCap":false},"clientId":"893a23dc-5e38-4d8c-9453-fac01fbe0afd","innerBlocks":[],"isValid":true,"name":"core/paragraph"},{"attributes":{"anchor":"muutosten-eri-tilat","content":"Muutosten eri tilat","level":3},"clientId":"d8d4eada-dd69-4dfd-8b9f-79cdf8088104","innerBlocks":[],"isValid":true,"name":"core/heading"},{"attributes":{"content":"Muutoksia voidaan lisätä seuraavaan committiin komennolla <code>git add</code>. Komennolle annetaan argumenttina tiedosto, jonka sisältämät muutokset siirrettään staging-tilaan. Ennen kuin tiedosto on lisätty Gitin tietoon, on se otsikon <code>Untracked files</code> alla. Tällöin tiedoston sisältämiä muutoksia ei myöskään olla lisäämässä seuraavaan committiin.","dropCap":false},"clientId":"c98ee44d-e20b-4922-bfc6-10544dddccac","innerBlocks":[],"isValid":true,"name":"core/paragraph"},{"attributes":{"content":"Lisätään nyt lapio-tiedoston muutokset seuraavaan committiin ajamalla <code>git add lapio_vko2.txt</code>. Lisätään tiedostoon sen jälkeen hieman tekstiä komennolla <code>echo \"tämä on lapion toinen osa\" &gt;&gt; lapio_vko2.txt</code>. Ajetaan sen jälkeen <code>git status</code>:","dropCap":false},"clientId":"c866ebb3-923d-4c68-ade7-d6604d87048b","innerBlocks":[],"isValid":true,"name":"core/paragraph"},{"attributes":{"content":"On branch main\nChanges to be committed:\n  (use \"git reset HEAD &lt;file&gt;...\" to unstage)\n\n\tnew file:   lapio_vko2.txt\n\nChanges not staged for commit:\n  (use \"git add &lt;file&gt;...\" to update what will be committed)\n  (use \"git checkout -- &lt;file&gt;...\" to discard changes in working directory)\n\n\tmodified:   lapio_vko2.txt\n"},"clientId":"d6b8da87-0b72-48a6-a1d5-7744c1585a6a","innerBlocks":[],"isValid":true,"name":"core/code"},{"attributes":{"content":"Lisätään tämän jälkeen projektikansioon vielä yksi tiedosto, nimeltään <code>tyhja_tiedosto.txt</code>. Ajetaan sen jälkeen uudelleen <code>git status</code>. Nyt tulostuu:","dropCap":false},"clientId":"d5abe638-caf7-48d9-9e00-0218bf379c78","innerBlocks":[],"isValid":true,"name":"core/paragraph"},{"attributes":{"content":"On branch main\nChanges to be committed:\n  (use \"git reset HEAD &lt;file&gt;...\" to unstage)\n\n\tnew file:   lapio_vko2.txt\n\nChanges not staged for commit:\n  (use \"git add &lt;file&gt;...\" to update what will be committed)\n  (use \"git checkout -- &lt;file&gt;...\" to discard changes in working directory)\n\n\tmodified:   lapio_vko2.txt\n\nUntracked files:\n  (use \"git add &lt;file&gt;...\" to include in what will be committed)\n\n\ttyhja_tiedosto.txt\n"},"clientId":"cdb2fa21-7fa9-4aca-8335-47e8361975a2","innerBlocks":[],"isValid":true,"name":"core/code"},{"attributes":{"content":"Tutkitaan jälleen tulostusta.","dropCap":false},"clientId":"7dd04e86-d37c-4d30-8f6e-2d53bdc391c1","innerBlocks":[],"isValid":true,"name":"core/paragraph"},{"attributes":{"content":"Ensimmäisenä on <code>Changes to be committed.</code> Tämän otsikon alla olevat muutokset ollaan nyt siirtämässä seuraavaan committiin.","dropCap":false},"clientId":"adf176a9-39da-41b3-bc42-f3244e44a650","innerBlocks":[],"isValid":true,"name":"core/paragraph"},{"attributes":{"content":"<code>Changes not staged for commit</code> tarkoittaa muutoksia, jotka ovat Gitin tiedossa, mutta joita <strong>ei</strong> olla siirtämässä seuraavaan committiin.","dropCap":false},"clientId":"c4c8276c-d90b-4a7f-a432-7865fba63b26","innerBlocks":[],"isValid":true,"name":"core/paragraph"},{"attributes":{"content":"Lopuksi <code>Untracked files</code> tarkoittaa sellaisia tiedostoja, jotka eivät ole Gitin tiedossa, ja joissa tapahtuvia muutoksia ei siis seurata. Niistä ei voida silloin esimerkiksi kertoa, mitä muutoksia tiedostossa on tehty. Näitä muutoksia ei myöskään siis lisätä seuraavaan committiin.","dropCap":false},"clientId":"8fe508f9-e370-41e0-9964-fa390db0f0ad","innerBlocks":[],"isValid":true,"name":"core/paragraph"},{"attributes":{"content":"Tulostuksessa on siis tiedosto <code>lapio_vko2</code> kahdesti, sillä Git seuraa <em>muutoksia</em>. Gitille on lisätty ensin tiedoston muutos, jossa tiedosto <code>lapio_vko2</code> luotiin. Vasta tämän jälkeen tiedostoon lisättiin tekstiä. Committiin ollaan nyt lisäämässä vain muutos, jossa tiedosto luotiin, ei muutos, jossa tiedostoon lisättiin tekstiä. Tulkintaa helpottaa se, että committiin lisättävät muutokset tulostuvat oletuksena vihreinä, ja tiedoston nimen vieressä näkyy, mitä tiedostolle on tehty (esimerkiksi <code>new file</code>, <code>modified</code>, <code>deleted</code>).","dropCap":false},"clientId":"a796bbc8-7d91-453b-aa58-0683d80370d5","innerBlocks":[],"isValid":true,"name":"core/paragraph"},{"attributes":{"content":"Gitin avulla voidaan myös perua muutoksia. Jos haluaisimme perua <code>lapio_vko2.txt</code>-tiedostoon lisäämämme tekstin, voitaisiin ajaa <code>git checkout -- lapio_vko2.txt</code>. Kun tämän jälkeen avaa kyseisen tiedoston, se on tyhjä, eli muutos, jossa lisättiin tekstiä, peruttiin. Komento <code>git checkout --</code> mahdollistaa siis seuratuista tiedostoista muutosten perumisen.","dropCap":false},"clientId":"5dfd4268-667f-4bc1-ba4c-e85512c4274c","innerBlocks":[],"isValid":true,"name":"core/paragraph"},{"attributes":{"content":"Ajamalla <code>git add -p</code>, voit valita muutos kerrallaan, haluatko lisätä sen Gitin committiin (y=lisää, n=älä lisää). Komento ottaa huomioon vain muutokset tiedostoissa, <em>jotka on jo kertaalleen lisätty Gitiin</em>. Näin ollen esimerkiksi uusia tiedostoja ei voi lisätä Gitiin komennon <code>git add -p</code> avulla. Pelkkä <code>git add tiedosto</code> lisää kaikki tiedoston muutokset Gitiin. Samalla komennolla on myös mahdollista lisätä kerralla kokonaisen kansion sisältämät muutokset.","dropCap":false},"clientId":"7e9dcc3f-8611-4a0f-9e92-4d786f212966","innerBlocks":[],"isValid":true,"name":"core/paragraph"},{"attributes":{"backgroundColor":"#ebf5fb","separatorColor":"#007acc"},"clientId":"0d6c6498-782f-4fe0-b0d5-5ae85eab63d4","innerBlocks":[{"attributes":{"content":"Varjele salaisuuksiasi","level":5},"clientId":"717ba520-9f57-4b97-8056-896f1c529aac","innerBlocks":[],"isValid":true,"name":"core/heading"},{"attributes":{"content":"Jos pidät mahdollisena, että haluat jakaa projektin joskus muille, älä lisää sen commiteihin mitään salaista. Vaikka poistaisit tiedon seuraavassa commitissa, se jää Gitin projekti-historiaan, ja on löydettävissä GitHubista julkaisun jälkeen.","dropCap":false},"clientId":"846f0a19-09ac-4fe8-9c74-99ac65042e2e","innerBlocks":[],"isValid":true,"name":"core/paragraph"},{"attributes":{"content":"Huomioi myös että GitHub on pilvipalvelu, ja muut kuin valitsemasi henkilöt saattavat saada pääsyn myös yksityiseksi merkittyihin projekteihin.","dropCap":false},"clientId":"50acf102-d98a-4e16-bde9-568d20d23a13","innerBlocks":[],"isValid":true,"name":"core/paragraph"}],"isValid":true,"name":"moocfi/aside"},{"attributes":{"content":"Komennon <code>git status</code> avulla kannattaa jatkuvasti tarkistaa, missä tiedostoissa sijaitsevat muutokset olet lisäämässä committiin. Sen jatkuva ajaminen on hyvä tapa, joka kannattaa omaksua.","dropCap":false},"clientId":"0b9dfe5f-98ed-45dc-bed4-4c0084d63b0c","innerBlocks":[],"isValid":true,"name":"core/paragraph"},{"attributes":{"anchor":"commitin-paketointi","content":"Commitin paketointi","level":3},"clientId":"3b624f46-b1b2-4275-be3d-0fee5c985d75","innerBlocks":[],"isValid":true,"name":"core/heading"},{"attributes":{"content":"Kun ollaan valittu, mitä muutoksia halutaan lisätä committiin, paketoidaan se komennolla <code>git commit</code>. Jokaisella commitilla on otsikko, joka kuvaa siinä tehtyjä muutoksia. Otsikko voidaan lisätä komennolla <code>git commit -m \"kuvaava otsikko\"</code>, jossa kuvaava otsikko kertoo, mitä muutoksia tehtiin suhteessa edelliseen committiin. Jos komennosta jättää vivun <code>-m</code> ja viestin sen jälkeen pois, tekstieditori aukeaa, ja voit kirjoittaa otsikon, sekä pidemmän viestin sen alle. Committi luodaan tällöin, kun tallennat viestin ja poistut editorista.","dropCap":false},"clientId":"020bdf6f-ea92-4b53-a65b-b1df633a6092","innerBlocks":[],"isValid":true,"name":"core/paragraph"},{"attributes":{"content":"<a href=\"https://github.com/erlang/otp/wiki/writing-good-commit-messages\">Täältä</a> löytyy nopeat ohjeet hyvän commit-viestin kirjoittamiseksi.","dropCap":false},"clientId":"45bf5c2a-e44d-489b-8cf1-369a1a0725b1","innerBlocks":[],"isValid":true,"name":"core/paragraph"},{"attributes":{"content":"Jatketaan edellistä esimerkkiä. Lisätään seuraavaan committiin kaikki muutokset, paitsi tiedoston <code>tyhja_tiedosto</code> luonti. Ennen komennon <code>git commit</code> ajamista, komennon <code>git status</code> tulostus on seuraava:","dropCap":false},"clientId":"0ba193be-3541-4a10-be01-0e3e5bf94122","innerBlocks":[],"isValid":true,"name":"core/paragraph"},{"attributes":{"content":"On branch main\nChanges to be committed:\n  (use \"git reset HEAD &lt;file&gt;...\" to unstage)\n\n\tnew file:   lapio_vko2.txt\n\nUntracked files:\n  (use \"git add &lt;file&gt;...\" to include in what will be committed)\n\n\ttyhja_tiedosto.txt\n"},"clientId":"f12a0395-19cd-40f4-b118-797adf17e113","innerBlocks":[],"isValid":true,"name":"core/code"},{"attributes":{"content":"Ajetaan seuraavaksi <code>git commit -m \"Lisää uusi lapio-tiedosto\"</code>","dropCap":false},"clientId":"680823ce-8a9d-4077-9568-cbd46c083a68","innerBlocks":[],"isValid":true,"name":"core/paragraph"},{"attributes":{"content":"Nyt <code>git status</code> tulostaa :","dropCap":false},"clientId":"d1b1a26a-4c8a-4d70-a03a-3d9d007c0f68","innerBlocks":[],"isValid":true,"name":"core/paragraph"},{"attributes":{"content":"On branch main\nUntracked files:\n  (use \"git add &lt;file&gt;...\" to include in what will be committed)\n\n\ttyhja_tiedosto.txt\n\nnothing added to commit but untracked files present (use \"git add\" to track)\n"},"clientId":"f7fce9ff-053e-4458-a4ae-0b5108281791","innerBlocks":[],"isValid":true,"name":"core/code"},{"attributes":{"content":"Commitoidut muutokset eivät siis enää näy statuksessa. Ne eivät kuitenkaan ole hävinneet - ne on siirretty committiin. Komennolla <code>git log</code> pystyt tarkastelemaan luotuja committeja:","dropCap":false},"clientId":"ea986899-d5e0-409a-ba53-6156eca62840","innerBlocks":[],"isValid":true,"name":"core/paragraph"},{"attributes":{"content":"commit 51bf544c786a671c28f70713b6cb33d87cc38\nAuthor:\nDate:\n\n    Lisättiin lapio_vko2.txt -tiedosto\n"},"clientId":"3c04d791-5167-4983-8a64-1142e37b6671","innerBlocks":[],"isValid":true,"name":"core/code"},{"attributes":{"content":"Komento <code>git log</code> siis tulostaa commitin tekijän, luontiajan, sekä commitille annetun otsikon. Jokaisella commitilla on sen identifioiva merkkijono eli id, joka on <a href=\"https://en.wikipedia.org/wiki/SHA-1\">SHA-1</a>-muodossa. Komennon <code>git log</code> tulostuksessa id näkyy pitkänä merkkijonona, esimerkiksi tässä tapauksessa se on <code>51bf544c786a671c28f70713b6cb33d87cc38</code>.","dropCap":false},"clientId":"55f8ada3-7a63-4c9e-a804-d6e38073fb8f","innerBlocks":[],"isValid":true,"name":"core/paragraph"},{"attributes":{"backgroundColor":"#ebf5fb","separatorColor":"#007acc"},"clientId":"f991e63c-8b11-4db0-a989-bfe1e8de9209","innerBlocks":[{"attributes":{"content":"Ajatusleikki","level":5},"clientId":"fa948f0a-a93d-4bbc-bc60-230731e9fad4","innerBlocks":[],"isValid":true,"name":"core/heading"},{"attributes":{"content":"Commitin luominen voi aluksi tuntua epäintuitiiviselta. Seuraava ajatusleikki saattaa auttaa: Kuvittele, että commit on lahjapaketti. Istut lattialla. Muutokset ovat puupalikoita, jotka on levitetty lattialle viereesi. <code>Changes to be commited</code>-tila on eteesi levitetty käärepaperi. Komennolla <code>git add</code> lisäät muutoksia käärepaperin päälle, ja komennolla <code>git commit</code> sidot käärepaperin muutosten ympärille.","dropCap":false},"clientId":"c2e73c5d-8bf7-4077-88a9-6f46ee8eb62d","innerBlocks":[],"isValid":true,"name":"core/paragraph"}],"isValid":true,"name":"moocfi/aside"},{"attributes":{"anchor":"haarat","content":"Haarat","level":3},"clientId":"52ba244a-d15a-4ae1-bf50-e0f005fba32d","innerBlocks":[],"isValid":true,"name":"core/heading"},{"attributes":{"content":"Komennon <code>git status</code> tulosteen yläreunassa näkyy: <code>On branch main</code>. Haarat, eli englanniksi <em>branchit</em>, mahdollistavat joidenkin committien eriyttämisen toisistaan. Näin ollen on mahdollista kehittää uuden haaran sisältöä ilman, että menetetään toimiva versio ohjelmasta. Tavanomaisesti jokaisella projektilla on päähaara, joka on oletuksena nimeltään <code>main</code>, ja jossa pidetään senhetkistä toimivaa ja käytössä olevaa versiota.","dropCap":false},"clientId":"95bc7ea4-55ba-4cf3-ae3b-5d66cc61943d","innerBlocks":[],"isValid":true,"name":"core/paragraph"},{"attributes":{"backgroundColor":"#ebf5fb","separatorColor":"#007acc"},"clientId":"ca9266df-d058-4e92-b7e8-541f6be57bb4","innerBlocks":[{"attributes":{"content":"Oletushaaran nimi on muuttunut hiljattain","level":5},"clientId":"9f6d3981-d394-4d0c-a17e-94232357542f","innerBlocks":[],"isValid":true,"name":"core/heading"},{"attributes":{"content":"Perinteisesti git on käyttänyt oletuspäähaarasta nimitystä <em>master</em>, mutta vuosien 2020 ja 2021 aikana moni palvelu, ja lopulta myös GitHub, on luopunut master-sanan käytösä. Tämä päätös on osa suurempaa liikettä luopua master- ja slave-sanojen käytöstä avoimen lähdekoodin ohjelmistoissa.","dropCap":false},"clientId":"f64f84dd-05f2-466f-8afe-1dd2a87a7c1f","innerBlocks":[],"isValid":true,"name":"core/paragraph"}],"isValid":true,"name":"moocfi/aside"},{"attributes":{"content":"Usein haaroja käytetään niin, että päähaarasta erotetaan uuden toiminnallisuuden testaamiseksi toinen haara, jossa koodataan lisäominaisuuksia. Haarat eivät vaikuta toistensa tiloihin, eli uudella koodilla voidaan leikkiä huolimatta päähaarasta. Kun ollaan todettu uusi koodi toimivaksi, voidaan se lisätä päähaaraan, ja poistaa kehitystyössä käytetty haara. Tässä osassa ei käsitellä haaroja sen enempää: riittää ymmärtää, että käytämme nyt vain main-, eli päähaaraa.","dropCap":false},"clientId":"875c02ab-729c-4d8f-89df-5ff3d78e993d","innerBlocks":[],"isValid":true,"name":"core/paragraph"},{"attributes":{"id":"d977083e-7a31-4298-813d-d9083910fc14"},"clientId":"f4f45dab-25c4-48f5-a6be-031fbfb8e265","innerBlocks":[],"isValid":true,"name":"moocfi/exercise"},{"attributes":{"backgroundColor":"#faf5f3","noPadding":false},"clientId":"ddea5728-ad44-41e0-9658-531c40c9c86a","innerBlocks":[{"attributes":{"content":"Oletuseditorin väärä konfiguraatio","level":5},"clientId":"7d9d5691-c386-41dd-8a1d-1e66fe5e5600","innerBlocks":[],"isValid":true,"name":"core/heading"},{"attributes":{"content":"Jos committia luodessa tulostuu virheviesti <code>error: cannot run : No such file or directory error: unable to start editor</code>, varmista, että olet konfiguroinut oletuseditorin oikein (tämä tehtiin tehtävässä 2).","dropCap":false},"clientId":"59289912-8bc7-42b6-a2e3-bf124bdb9fbf","innerBlocks":[],"isValid":true,"name":"core/paragraph"}],"isValid":true,"name":"moocfi/infobox"},{"attributes":{"id":"9e1bed9c-0fe5-46f0-baf2-29bd09e0c8cb"},"clientId":"854c3bdc-f3c1-4d66-8d11-ae9f78219beb","innerBlocks":[],"isValid":true,"name":"moocfi/exercise"},{"attributes":{"anchor":"koodin-jakaminen-githubissa","content":"Koodin jakaminen GitHubissa","level":2},"clientId":"9cc9ec67-de4c-4f72-a9e2-9f3cc86b8012","innerBlocks":[],"isValid":true,"name":"core/heading"},{"attributes":{"content":"Käsitellään seuraavaksi, miten GitHubia voidaan käyttää yhdessä Gitin kanssa koodin jakamiseksi ja julkaisemiseksi.","dropCap":false},"clientId":"db8d63b6-572f-4f58-8ee7-16214d81b267","innerBlocks":[],"isValid":true,"name":"core/paragraph"},{"attributes":{"anchor":"etärepositorion-luominen","content":"Etärepositorion luominen","level":3},"clientId":"3d2eb7b0-5461-4111-9194-c0bf0e6b359e","innerBlocks":[],"isValid":true,"name":"core/heading"},{"attributes":{"content":"Jotta projektin voi jakaa GitHubin kautta, sille pitää luoda oma repositorio (kavereille repo) GitHubiin, ja tämä repositorio pitää liittää oman koneen Git-projektiin. Tämä tapahtuu lisäämällä repo Git-projektin etärepositorioksi, eli <em>remoteksi</em>. Kun Git-projektille lisätään etärepositorio, on mahdollistä siirtää tietoa sen ja omalla koneella olevan projektin välillä. Tällöin projektista on olemassa kaksi versiota: paikallinen (<em>local</em>), eli “omalla koneella” oleva projekti ja etärepositorion versio (<em>remote</em>), eli GitHubissa säilöttävä versio.","dropCap":false},"clientId":"0c5c08e5-d855-4ab4-9eef-0c882458900e","innerBlocks":[],"isValid":true,"name":"core/paragraph"},{"attributes":{"content":"Tässä siis näkyy, miten GitHubia voidaan käyttää varmuuskopiona: kun projektin tila päivitetään GitHubiin, pääsee tietoon käsiksi internetin kautta, ja projektia voi jatkaa, vaikka paikalliselle versiolle tapahtuisikin jotain.","dropCap":false},"clientId":"9ed79335-5924-404f-828d-61ca322e8653","innerBlocks":[],"isValid":true,"name":"core/paragraph"},{"attributes":{"content":"GitHubissa saa luotua repositorion oikeasta yläkulmasta:","dropCap":false},"clientId":"0e399c01-92e8-4e1d-b385-8df82794cbf4","innerBlocks":[],"isValid":true,"name":"core/paragraph"},{"attributes":{"alt":"Add alt","blurDataUrl":"","caption":"","href":"https://courses.mooc.fi/api/v0/files/course/a5f7ec37-3848-4392-8d07-13f5dc688181/images/jw1V7H4mj81dKGbBUqulkZyp9dHQ9d.png","linkDestination":"media","sizeSlug":"full","url":"https://courses.mooc.fi/api/v0/files/course/a5f7ec37-3848-4392-8d07-13f5dc688181/images/jw1V7H4mj81dKGbBUqulkZyp9dHQ9d.png"},"clientId":"22bb5aac-f3d1-4470-9a9e-378e54305f03","innerBlocks":[],"isValid":true,"name":"core/image"},{"attributes":{"content":"Avautuu näkymä, jossa lisätään repolle nimi ja kuvaus. Repositorio voi olla joko julkinen tai yksityinen. Julkisen repostorion näkee kuka vaan, yksityisen vain omistajan valitsemat käyttäjät.","dropCap":false},"clientId":"ff1ef5f7-5a93-4c9c-88aa-f997b0f2ad08","innerBlocks":[],"isValid":true,"name":"core/paragraph"},{"attributes":{"content":"GitHub myös tarjoaa mahdollisuuden luoda projektille <em>README:n</em>, <em>lisenssin</em> ja <em>.gitignore</em>-tiedoston. Ohjelmistotuotannossa on tapana, että ohjelmistoprojektiin lisätään README-niminen tiedosto, joka sisältää yleishyödyllistä tietoa koko projektista. Hyvä README sisältää esimerkiksi lyhyen kuvauksen projektista, asennusohjeet ja linkin mahdolliseen dokumentaatioon. Lisenssi tarkoittaa dokumenttia, jossa määritellään, mitkä ovat ohjelman tekijän ja käyttäjän vastuut ja vapaudet. Tiedosto <code>.gitignore</code> on erittäin hyödyllinen tiedosto, jonka avulla Gitiä voi pyytää jättämään joitain tiedostoja huomiotta committeja tehdessä. <code>.gitignore</code>:n käytöstä voit lukea esimerkiksi <a href=\"https://www.atlassian.com/git/tutorials/saving-changes/gitignore\">täältä</a>.","dropCap":false},"clientId":"2eca53fa-4d76-4f6d-9333-d6d697743c25","innerBlocks":[],"isValid":true,"name":"core/paragraph"},{"attributes":{"backgroundColor":"#faf5f3","noPadding":false},"clientId":"a372dffb-c1cc-46e5-889b-2a9473a04946","innerBlocks":[{"attributes":{"content":"Ei kannata aina antaa GitHubin luoda repositorioosi oletussisältöä","level":5},"clientId":"f7ba4854-c697-4575-8bf4-659a9ab1d494","innerBlocks":[],"isValid":true,"name":"core/heading"},{"attributes":{"content":"Kun halutaan siirtää valmiiksi luotu projektikansio GitHubiin, ei kannata antaa GitHubin luoda tiedostoja automaattisesti. Tämä johtaisi vaikeuksiin, sillä tällöin GitHubissa olisi tiedosto, jota lokaalissa versiossa ei ole. Tällaisen tilanteen ongelmallisuus selviää myöhemmin tässä osassa.","dropCap":false},"clientId":"1413ddba-a6d0-4a2b-b5ab-3a46b76063c9","innerBlocks":[],"isValid":true,"name":"core/paragraph"}],"isValid":true,"name":"moocfi/infobox"},{"attributes":{"content":"Nappi <code>Create repository</code> lisää projektin omaan profiiliin. Kun projektiin navigoi, tarjoaa GitHub hyödyllisiä ohjeita koodin sinne lisäämiseksi. Projektiin löytää käyttäjän profiilista, tai suoraan osoitteella <code>https://www.github.com/kayttajanimi/projektinnimi</code>.","dropCap":false},"clientId":"d326cdc2-a56b-474d-b9d4-be1533a85ed2","innerBlocks":[],"isValid":true,"name":"core/paragraph"},{"attributes":{"anchor":"etärepositorion-lisääminen","content":"Etärepositorion lisääminen","level":3},"clientId":"3e1afa37-b236-4a15-93d4-05e7ddaa570d","innerBlocks":[],"isValid":true,"name":"core/heading"},{"attributes":{"content":"Etärepositorio yhdistetään paikalliseen projektiin komennolla <code>git remote add</code>.","dropCap":false},"clientId":"54665aac-15ad-4cc9-9f49-61544697dc9b","innerBlocks":[],"isValid":true,"name":"core/paragraph"},{"attributes":{"content":"Komento ottaa argumentikseen lisättävän etärepositorion nimen sekä osoitteen. GitHub tarjoaa kaksi vaihtoehtoa etärepositorion lisäysprotokollaksi: SSH ja https. Ensimmäisen vaihtoehdon pitäisi olla tuttu ensimmäisestä osasta, toisen selaimen osoitekentästä. SSH on siis sama yhteystyyppi, jolla vierailtiin laitoksen koneilla komennolla <code>ssh</code>. Tätä yhteystyyppiä on mahdollista käyttää myös GitHubissa, jos koneella on luotu yksityinen ja julkinen avainpari, joista julkinen on lisätty GitHubiin.","dropCap":false},"clientId":"8a6634af-d180-4d31-9bce-230c62e4f10c","innerBlocks":[],"isValid":true,"name":"core/paragraph"},{"attributes":{"content":"Jos käyttää https-yhteyttä, autentikointi tapahtuu GitHub-käyttäjänimellä ja salasanalla. SSH-yhteyden käyttö on siis paljon vaivattomampaa, sillä jos yksityisen avaimen lisää ssh-agentille, ei salasanaa tarvitse kirjoittaa jatkuvasti. SSH-avaimia käsiteltiin <a href=\"https://tkt-lapio.github.io/komentorivi#SSH-avainpari\">ensimmäisessä osassa</a>.","dropCap":false},"clientId":"ba57e7d5-acff-44de-87cd-2142ae5cfd67","innerBlocks":[],"isValid":true,"name":"core/paragraph"},{"attributes":{"content":"Valitaan GitHubin ohjeista SSH-osoite projektille, jotta siihen voidaan muodostaa SSH-yhteys:","dropCap":false},"clientId":"91d3e658-bb15-46db-b6da-44c6666bfdea","innerBlocks":[],"isValid":true,"name":"core/paragraph"},{"attributes":{"alt":"Add alt","blurDataUrl":"","caption":"","href":"https://courses.mooc.fi/api/v0/files/course/a5f7ec37-3848-4392-8d07-13f5dc688181/images/PgforTbHctWpTHM3uLXBilhVXBmQM2.png","linkDestination":"media","sizeSlug":"full","url":"https://courses.mooc.fi/api/v0/files/course/a5f7ec37-3848-4392-8d07-13f5dc688181/images/PgforTbHctWpTHM3uLXBilhVXBmQM2.png"},"clientId":"730f9b7e-ad54-4620-b400-aa1958595c55","innerBlocks":[],"isValid":true,"name":"core/image"},{"attributes":{"content":"Uusi origin-niminen etärepositorio lisätään SSH-yhteyttä käyttäen ajamalla projektikansiossa komento <code>git remote add origin git@github.com:kayttaja/projekti.git</code>. Https-osoite olisi melkein sama, kuin selaimen osoiterivillä. Etärepositorion nimi voi olla muutakin kuin “origin”, mutta se on yleinen valinta. Yhdelle projektille voi lisätä useita etärepositorioita, jolloin niiden järkevä nimeäminen on oleellista.","dropCap":false},"clientId":"cf6a6a82-ae23-4352-8fd1-10b25382f69d","innerBlocks":[],"isValid":true,"name":"core/paragraph"},{"attributes":{"id":"edc84e49-f172-4342-92f5-6b0d2fb3abc2"},"clientId":"b72b0d23-cc87-4864-bc30-fa6d60ad5813","innerBlocks":[],"isValid":true,"name":"moocfi/exercise"},{"attributes":{"id":"e130d866-614c-4ff6-8123-be0da8bc593f"},"clientId":"ea82ffeb-5d45-49fd-80fd-5704ad590b19","innerBlocks":[],"isValid":true,"name":"moocfi/exercise"},{"attributes":{"anchor":"julkaiseminen","content":"Julkaiseminen","level":3},"clientId":"672e6941-9dac-43f4-a261-c8eb2e277bcf","innerBlocks":[],"isValid":true,"name":"core/heading"},{"attributes":{"content":"Kun projekti on liitetty johonkin GitHubin repositorioon, voidaan committeja julkaista <em>puskemalla</em>. Muutokset voi puskea tietyn etärepositorion tiettyyn haaraan seuraavasti: <code>git push remotennimi haarannimi</code>. Tässä osassa käytämme vain main-haaraa. Jos lisäät sanan <code>push</code> jälkeen vivun <code>-u</code>, riittää ensi kerralla ajaa <code>git push</code>, jolloin muutokset pusketaan automaattisesti samaan paikkaan. Tämän vivun käyttö on suositeltavaa.","dropCap":false},"clientId":"30a3b7ba-79f9-4c10-9948-c11751bf78c5","innerBlocks":[],"isValid":true,"name":"core/paragraph"},{"attributes":{"content":"Pusketaan <code>lapio_vko2.txt</code>-tiedostoon tekemämme muutokset komennolla <code>git push -u origin main</code>, sillä lisäsimme etärepositorion nimellä <code>origin</code>, ja käytämme <code>main</code>-haaraa. Navigoidaan GitHubissa projektisivulle. Tiedosto <code>lapio_vko2.txt</code> näkyy nyt GitHubissa.","dropCap":false},"clientId":"f707ca27-5e56-491d-8aea-93e3d25b3755","innerBlocks":[],"isValid":true,"name":"core/paragraph"},{"attributes":{"id":"24ba4c91-fb8c-4e39-89d2-efa95e7fcceb"},"clientId":"6b512921-a0b0-47d7-ad28-8000c08ac593","innerBlocks":[],"isValid":true,"name":"moocfi/exercise"},{"attributes":{"anchor":"koodin-hakeminen-githubista","content":"Koodin hakeminen GitHubista","level":3},"clientId":"105ab76f-299b-485c-850d-20969eb885bc","innerBlocks":[],"isValid":true,"name":"core/heading"},{"attributes":{"content":"Samasta projektista on nyt siis olemassa kaksi tilaa kahdessa paikassa: paikallinen ja etärepositorio. Katsotaan seuraavaksi, mitä käy, kun nämä kaksi tilaa eivät ole aina täysin samat.","dropCap":false},"clientId":"ea047ca7-2829-452f-8354-3e135b8068b4","innerBlocks":[],"isValid":true,"name":"core/paragraph"},{"attributes":{"content":"Aloitetaan tekemällä muutoksia projektiin GitHubin kautta. GitHubissa pääsee muokkaamaan tiedostoja painamalla niiden nimeä, ja oikealla olevaa kynä-ikonia.","dropCap":false},"clientId":"81f25deb-f6b1-41bd-bc26-6bc5a45f32af","innerBlocks":[],"isValid":true,"name":"core/paragraph"},{"attributes":{"alt":"Add alt","blurDataUrl":"","caption":"","href":"https://courses.mooc.fi/api/v0/files/course/a5f7ec37-3848-4392-8d07-13f5dc688181/images/VgS6LiQ6F9jDnnkyqcI4FYPZtoXv0h.png","linkDestination":"media","sizeSlug":"full","url":"https://courses.mooc.fi/api/v0/files/course/a5f7ec37-3848-4392-8d07-13f5dc688181/images/VgS6LiQ6F9jDnnkyqcI4FYPZtoXv0h.png"},"clientId":"a1bb082e-adb2-4875-94c6-76b3810cb247","innerBlocks":[],"isValid":true,"name":"core/image"},{"attributes":{"content":"Lisätään tiedostoon <code>lapio_vko2.txt</code> uusi rivi tekstiä, ja luodaan commit sivun alalaidasta vihreästä napista. Muutokset eivät kuitenkaan näy omalla koneella heti.","dropCap":false},"clientId":"1f4ec1f9-77be-4ae6-8770-be26c6b7bb6b","innerBlocks":[],"isValid":true,"name":"core/paragraph"},{"attributes":{"content":"Ajetaan seuraavat komennot:","dropCap":false},"clientId":"2fd44b3a-200a-4470-a2a6-83b4a8c84a32","innerBlocks":[],"isValid":true,"name":"core/paragraph"},{"attributes":{"content":"git fetch\ngit status\n"},"clientId":"4385ef6e-7cc3-4581-8bbb-aee9aaaf1a86","innerBlocks":[],"isValid":true,"name":"core/code"},{"attributes":{"content":"<code>git fetch</code> hakee projektin uusimman tilan GitHubista, mutta ei tee muutoksia paikalliseen työhön. <strong>Jos <code>git status</code> ei jatkossa näytä ajankohtaista tietoa etärepositorion tilasta, aja ensin <code>git fetch</code></strong>.","dropCap":false},"clientId":"bed40f85-e6e4-4a56-ad9a-6ecee29d2ff5","innerBlocks":[],"isValid":true,"name":"core/paragraph"},{"attributes":{"content":"Muutokset eivät vieläkään näy. Jos puskit committisi etärepositorioon vivun <code>-u</code> kanssa, Git osaa kertoa, että GitHubissa on muutoksia, joita paikallisessa versiossa ei ole: status-komento tulostaa yläreunaan <code>Your branch is behind 'origin/main'</code>.","dropCap":false},"clientId":"aa4ae217-a8a0-4730-a744-579dd2aa540f","innerBlocks":[],"isValid":true,"name":"core/paragraph"},{"attributes":{"content":"Nyt voidaan hakea muutokset paikalliseen versioon komennolla <code>git pull</code>. Jos aikaisemmin oltiin ajettu <code>push</code> vivulla <code>-u</code>, ei etärepositoriota tai haaran nimeä tarvitse kirjoittaa. Ajetaan <code>git pull</code>, jolloin tulostuu jotain seuraavan kaltaista:","dropCap":false},"clientId":"4b2f3a9f-20a7-4d9a-a229-5f2f4a10beb5","innerBlocks":[],"isValid":true,"name":"core/paragraph"},{"attributes":{"content":"remote: Counting objects: 3, done.\nremote: Compressing objects: 100% (3/3), done.\nremote: Total 3 (delta 0), reused 0 (delta 0), pack-reused 0\nUnpacking objects: 100% (3/3), done.\nFrom github.com\n * branch            main       -&gt; FETCH_HEAD\n   8793615..c661629  main       -&gt; origin/main\nUpdating 8793615..c661629\nFast-forward\n lapio_vko2.txt | 1 +\n 1 file changed, 1 insertion(+)\n"},"clientId":"d8f48fd3-04ca-4e56-acfb-a92d268b9324","innerBlocks":[],"isValid":true,"name":"core/code"},{"attributes":{"content":"Nyt muutokset näkyvät myös paikallisesti.","dropCap":false},"clientId":"a990d0b2-e858-41af-83e3-44e99f6b92e5","innerBlocks":[],"isValid":true,"name":"core/paragraph"},{"attributes":{"id":"7ae1ed6a-803d-4d06-8aca-207ed09925d8"},"clientId":"9a4d6e45-e604-49a7-aa15-ef69ebab63ba","innerBlocks":[],"isValid":true,"name":"moocfi/exercise"},{"attributes":{"content":"Käytännössä tämä tilanne vastaa sitä, että tehdään yhteisprojektia, ja joku muu on lisännyt projektiin koodia. Tällöin uuden ominaisuuden lisännyt julkaisee koodinsa puskemalla sen GitHubiin, jolloin muut projektin tekijät voivat hakea ne komennolla <code>git pull</code>.","dropCap":false},"clientId":"82aa7df0-cfdc-4b96-9b24-96d661aa27c8","innerBlocks":[],"isValid":true,"name":"core/paragraph"},{"attributes":{"anchor":"stash","content":"Stash","level":2},"clientId":"c99d656e-5fae-4210-8166-275adae8c324","innerBlocks":[],"isValid":true,"name":"core/heading"},{"attributes":{"content":"Kokeillaan seuraavaksi mitä käy, jos GitHubissa on jotain tietoa, mitä paikallisesti ei ole, ja paikallisesti jotain, mitä GitHubissa ei.","dropCap":false},"clientId":"0abd5d8c-cfc3-4585-a6c7-9f5b7b114e76","innerBlocks":[],"isValid":true,"name":"core/paragraph"},{"attributes":{"content":"Muutetaan tiedoston <code>lapio_vko2.txt</code> ensimmäistä riviä GitHubin kautta. Tästä syntyy siis yksi commit. Lisätään paikallisesti saman tiedoston loppuun uusi rivi, <strong>mutta ei tehdä paikallisesta muutoksesta committia</strong>.","dropCap":false},"clientId":"10cb66e4-0565-431a-8127-3bd75a0d8743","innerBlocks":[],"isValid":true,"name":"core/paragraph"},{"attributes":{"content":"Jos nyt kokeillaan hakea uusimmat muutokset komennolla <code>git pull</code>, tulostuu:","dropCap":false},"clientId":"17c2dd89-4015-4928-8b14-23aafcb2bb79","innerBlocks":[],"isValid":true,"name":"core/paragraph"},{"attributes":{"content":"From github.com:\n * branch            main     -&gt; FETCH_HEAD\nUpdating 061ca96..6920cd0\nerror: Your local changes to the following files would be overwritten by merge:\n\tlapio_vko2.txt\nPlease, commit your changes or stash them before you can merge.\nAborting\n"},"clientId":"b8b206bc-8894-44e6-872b-c15007c34d8a","innerBlocks":[],"isValid":true,"name":"core/code"},{"attributes":{"content":"Pullaus ei toimi, koska paikallisessa versiossa on muutoksia samaan tiedostoon, kuin etärepositoriossa, eikä paikallisia muutoksia ole commitoitu.","dropCap":false},"clientId":"42c43443-9379-44e3-b510-d7caf6e37830","innerBlocks":[],"isValid":true,"name":"core/paragraph"},{"attributes":{"content":"Tällaisessa tilanteessa voidaan laittaa paikalliset muutokset syrjään <em>stashiin</em> komennolla <code>git stash</code>. Kun ajetaan <code>git stash</code>, paikallisesti lisätyt muutokset Gitin seuraamissa tiedostoissa laitetaan syrjään. Tämä siis tarkoittaa, että tehdyt muutoksen poistuvat näkyvistä, mutta niitä ei ole menetetty kokonaan. Laittaaksesi syrjään myös muutokset Gitiin vielä lisäämättömissä tiedostoissa (<code>untracked</code>), aja komento vivulla <code>-u</code>, eli <code>git stash -u</code>. Saat muutokset takaisin käskyllä <code>git stash pop</code>.","dropCap":false},"clientId":"101771b6-4183-463f-8d4e-d9c74dfb7ec4","innerBlocks":[],"isValid":true,"name":"core/paragraph"},{"attributes":{"id":"f432fcd0-227a-4688-a001-15bc8fb69be4"},"clientId":"963d9bbd-e135-4dc6-bb32-543c743e112d","innerBlocks":[],"isValid":true,"name":"moocfi/exercise"},{"attributes":{"backgroundColor":"#faf5f3","noPadding":false},"clientId":"e0d16154-70ff-434b-b108-336fbf57e2fd","innerBlocks":[{"attributes":{"content":"Merge-konflikti","level":5},"clientId":"9171ac6d-2526-4176-bc4b-19ae2505ecc0","innerBlocks":[],"isValid":true,"name":"core/heading"},{"attributes":{"content":"Jos edellisessä tehtävässä terminaaliin tulostuu \"CONFLICT\", saat apua hieman alempaa tältä sivulta.","dropCap":false},"clientId":"d701b097-e5fc-4106-b5bb-ac2f58a22600","innerBlocks":[],"isValid":true,"name":"core/paragraph"}],"isValid":true,"name":"moocfi/infobox"},{"attributes":{"anchor":"merge","content":"Merge","level":2},"clientId":"684a6155-8a92-4f46-8261-3882ecab7d4c","innerBlocks":[],"isValid":true,"name":"core/heading"},{"attributes":{"content":"Jatketaan vielä kahden rinnakkaisen tilan kanssa.","dropCap":false},"clientId":"3b8f3bfd-abc1-4c39-ab6a-99365ba4b103","innerBlocks":[],"isValid":true,"name":"core/paragraph"},{"attributes":{"content":"Äskeisessä tilanteessa etärepositoriossa ja paikallisesti vallitsivat eri tilat, sillä molemmissa oli tietoa, jota toisella ei ollut. Koska paikallisia muutoksia ei oltu commitoitu, voitiin ne piilottaa stashiin. Mitä olisi tapahtunut, jos paikallisesti oltaisiin ehditty commitoida?","dropCap":false},"clientId":"8689975c-b81e-4d0c-818b-903aa51a33f6","innerBlocks":[],"isValid":true,"name":"core/paragraph"},{"attributes":{"content":"Tilanne voidaan ratkaista <em>mergellä</em>, eli yhdistämällä kaksi rinnakkaista tilaa. Sellaiset haarat, jotka eivät ole ristriidassa keskenään, eli toisin sanoen eivät tee päällekkäisiä muutoksia, Git osaa yhdistää automaattisesti. Tällöin Git luo uuden merge-commitin.","dropCap":false},"clientId":"08f87e3d-91ab-4c02-a849-66e8199c8782","innerBlocks":[],"isValid":true,"name":"core/paragraph"},{"attributes":{"content":"Oikeastaan komento <code>git pull</code> sisältää jo valmiiksi merge-toiminnallisuuden. Riittää siis ajaa komento <code>git pull</code>, ja antaa tekstieditorin avautuessa commitille otsikko, jotta saadaan yhdistettyä paikallinen main-haara etärepositorion main-haaraan. GitHub ehdottaa valmiiksi viestiä, jota voi halutessaan muokata mieleisekseen. Merge on valmis, kun merge-commitin viestin tallentaa.","dropCap":false},"clientId":"cb216f95-30b2-4330-a910-c67268cabf5e","innerBlocks":[],"isValid":true,"name":"core/paragraph"},{"attributes":{"content":"Lisätään sekä paikallisesti että etärepositorioon uudet, keskenään erinimiset tiedostot ja commitoidaan. Kun sen jälkeen ajaa <code>git status</code> (aja ensin <code>git fetch</code>, jos <code>git status</code> ei näytä uusinta tilaa), tulostuu:","dropCap":false},"clientId":"85f8ef2d-3f04-4804-8b0a-a3feb73babcd","innerBlocks":[],"isValid":true,"name":"core/paragraph"},{"attributes":{"content":"On branch main\nYour branch and 'origin/main' have diverged,\nand have 1 and 1 different commit each, respectively.\n  (use \"git pull\" to merge the remote branch into yours)\nnothing to commit, working directory clean\n"},"clientId":"105845da-6680-45ac-9025-4db7c6d11d8a","innerBlocks":[],"isValid":true,"name":"core/code"},{"attributes":{"content":"Git siis huomauttaa, että sekä etärepositorioon että paikallisesti on luotu committeja.","dropCap":false},"clientId":"c75fce40-8382-472b-ae17-759b0c8cf17e","innerBlocks":[],"isValid":true,"name":"core/paragraph"},{"attributes":{"content":"Jos yritetään puskea commit, se ei onnistu:","dropCap":false},"clientId":"fbcfa764-a2e4-488b-b2a5-99da255be59b","innerBlocks":[],"isValid":true,"name":"core/paragraph"},{"attributes":{"content":"To git@github.com:kayttaja/repo.git\n ! [rejected]        main -&gt; main (non-fast-forward)\nerror: failed to push some refs to 'git@github.com:kayttaja/repo.git'\nhint: Updates were rejected because the tip of your current branch is behind\nhint: its remote counterpart. Integrate the remote changes (e.g.\nhint: 'git pull ...') before pushing again.\nhint: See the 'Note about fast-forwards' in 'git push --help' for details.\n"},"clientId":"b1353322-00fa-4c21-ae5a-05b91957d567","innerBlocks":[],"isValid":true,"name":"core/code"},{"attributes":{"content":"Git antaa jälleen vihjeen, miten kuuluu toimia. Haetaan ja yhdistetään siis etärepositorion uusin tila paikalliseen versioon komennolla <code>git pull</code>. Annetaan commitille tekstieditorin auetessa otsikko, ja tallennetaan. Tällöin tulostuu:","dropCap":false},"clientId":"a2741134-4497-4e30-a0f5-55a876d2fde6","innerBlocks":[],"isValid":true,"name":"core/paragraph"},{"attributes":{"content":"From github.com:kayttaja/repo\n * branch            main     -&gt; FETCH_HEAD\nMerge made by the 'recursive' strategy.\n new_file.txt | 1 +\n 1 file changed, 1 insertion(+)\n create mode 100644 new_file.txt\n"},"clientId":"294549fc-ab50-4ede-aa0c-6b74b79431af","innerBlocks":[],"isValid":true,"name":"core/code"},{"attributes":{"content":"Nyt komennon <code>git status</code> mukaan ollaan tehty 2 committia (<code>ahead by 2 commits</code>). Ensimmäinen niistä on se, joka luotiin paikallisesti. Toinen on uusi, automaattisesti luotu merge-commit. Nämä kaksi committia voitaisiin puskea GitHubiin ongelmitta.","dropCap":false},"clientId":"3a525e65-5ef7-4636-8f60-4eab9be2d685","innerBlocks":[],"isValid":true,"name":"core/paragraph"},{"attributes":{"id":"39dbbf2a-ae94-4566-bf88-717da2105c41"},"clientId":"270e876a-67db-4d87-9a5f-f70c6b85d895","innerBlocks":[],"isValid":true,"name":"moocfi/exercise"},{"attributes":{"anchor":"merge-konflikti","content":"Merge-konflikti","level":2},"clientId":"7d96251b-9254-4fe4-a06b-fdb8f39644a6","innerBlocks":[],"isValid":true,"name":"core/heading"},{"attributes":{"content":"Tehtäessä yhteistyötä aina välillä käy niin, että kaksi koodaria muokkaavat samoja rivejä. Miten Git tietää mergeä tehdessään, kumpi muutos halutaan pitää? No, ei se tiedäkään, eli joskus automaattinen merge ei onnistu. Kahden commitin version ristiriitaista tilaa mergettäessä kutsutaan <em>merge-konfliktiksi</em>. Esimerkki merge-konfliktista on tilanne, jossa etärepositoriossa ja lokaalisti on toisensa poissulkevia muutoksia sisältävät commitit. Silloin jonkun täytyy käsin valita pidettävät muutokset, eli ratkottava merge-konflikti.","dropCap":false},"clientId":"579445a5-9358-4d48-be86-8e78b2d8d46c","innerBlocks":[],"isValid":true,"name":"core/paragraph"},{"attributes":{"content":"Kirjoitetaan GitHubissa tiedostoon <code>lapio_vko2.txt</code> jollekin riville “terveisiä GitHubista”, ja tehdään muutoksesta commit. Muokataan sitten <em>täsmälleen</em> samaa riviä paikallisessa versiossa kirjoittamalla “terveisiä mun koneelta” ja tehdään commit.","dropCap":false},"clientId":"87799452-7d65-4d7b-856c-a4c716b9948e","innerBlocks":[],"isValid":true,"name":"core/paragraph"},{"attributes":{"content":"Nyt kun yritetään yhdistää etärepositoriosta uusin tila paikalliseen versioon komennolla <code>git pull</code>, tulostuu:","dropCap":false},"clientId":"42e5dcfd-2cdd-48e2-ae6c-29dd74de9749","innerBlocks":[],"isValid":true,"name":"core/paragraph"},{"attributes":{"content":"Auto-merging ...\nCONFLICT (content): Merge conflict in lapio_vko2.txt\nAutomatic merge failed; fix conflicts and then commit the result.\n"},"clientId":"2b1b85ad-c5bf-45e2-8e56-67772e3ce9b1","innerBlocks":[],"isValid":true,"name":"core/code"},{"attributes":{"content":"Rivi, joka alkaa sanalla <code>CONFLICT</code> kertoo missä tiedostossa päällekkäiset muutokset ovat tapahtuneet. Avataan tämä tiedosto. Siellä näkyy:","dropCap":false},"clientId":"19fa901f-8f06-4169-86a4-a78bcf7f3a30","innerBlocks":[],"isValid":true,"name":"core/paragraph"},{"attributes":{"content":"&lt;&lt;&lt;&lt;&lt;&lt; HEAD\nterveisiä mun koneelta\n======\nterveisiä GitHubista\n&gt;&gt;&gt;&gt;&gt;&gt; baaf2c96cw031e11138d42c1a35065b9bf8b4400b\n"},"clientId":"41a31db6-bdf8-4249-86c2-7fff6258c983","innerBlocks":[],"isValid":true,"name":"core/code"},{"attributes":{"content":"Toisensa poissulkevat commitit on siis eroteltu &lt;, &gt; ja = -merkkien avulla. HEAD tarkoittaa tämänhetkistä committia (eli nykyisen haaran viimeisintä committia), ja kirjain-numero-yhdistelmä on toisen etärepositoriossa tehdyn commitin id. Hienostuneemmat editorit, kuten VSCode mahdollistavat konfliktien ratkaisemisen yhdellä klikkauksella, mutta muuten ainoa vaihtoehto on poistaa sen ne rivit, joita ei haluta pitää jatkossa.","dropCap":false},"clientId":"f72a78d2-c66a-4191-87d4-1cf5895ec34f","innerBlocks":[],"isValid":true,"name":"core/paragraph"},{"attributes":{"content":"Poistetaan kaikki merkeillä &lt;, = tai &gt; alkavat rivit, ja muokataan terveisiä. Konfliktien ratkaisija siis saa päättää, mitä konfliktin sisältämään tiedostoon jää. Jätetään tiedoston sisällöksi seuraava:","dropCap":false},"clientId":"47a01e9d-8b83-444a-ad09-44c3278e6be5","innerBlocks":[],"isValid":true,"name":"core/paragraph"},{"attributes":{"content":"terveisiä mun koneelta ja GitHubista"},"clientId":"e0455c40-d318-4d37-95f4-69684df39f03","innerBlocks":[],"isValid":true,"name":"core/code"},{"attributes":{"content":"Kun ajetaan <code>git status</code>, Git muistuttaa, että ollaan ratkaisemassa konflikteja tiedostossa <code>lapio_vko2.txt</code>:","dropCap":false},"clientId":"9966b32f-63a8-42f4-8181-20d8866fd1e8","innerBlocks":[],"isValid":true,"name":"core/paragraph"},{"attributes":{"content":"On branch main\nYour branch and 'origin/main' have diverged,\nand have 1 and 1 different commit each, respectively.\n (use \"git pull\" to merge the remote branch into yours)\nYou have unmerged paths.\n (fix conflicts and run \"git commit\")\n\nUnmerged paths:\n (use \"git add &lt;file&gt;...\" to mark resolution)\n\n\tboth modified:   lapio_vko2.txt\n\nno changes added to commit (use \"git add\" and/or \"git commit -a\")\n"},"clientId":"de7e742a-0d97-4f92-b26c-0a16f4abfe1d","innerBlocks":[],"isValid":true,"name":"core/code"},{"attributes":{"content":"Lisätään ratkaisu Gitiin komennolla <code>git add</code> (huomaa, että vivun -p käyttäminen ei toimi). Kun sen jälkeen ajetaan <code>git status</code>, tulostuu","dropCap":false},"clientId":"99562ae0-22ab-4e14-b95f-273a287be10a","innerBlocks":[],"isValid":true,"name":"core/paragraph"},{"attributes":{"content":"On branch main\nAll conflicts fixed but you are still merging.\n  (use \"git commit\" to conclude merge)\n\nChanges to be committed:\n\n\tmodified:   lapio_vko2.txt\n"},"clientId":"80defc6c-2247-4cb3-b398-79b0f0d0de4d","innerBlocks":[],"isValid":true,"name":"core/code"},{"attributes":{"content":"Lopetaan siis konfliktin ratkaiseminen tekemällä commit. Pusketaan tämän jälkeen ratkaisu GitHubiin.","dropCap":false},"clientId":"d4f8eb97-ae1d-40e7-81c2-a3f890a15b30","innerBlocks":[],"isValid":true,"name":"core/paragraph"},{"attributes":{"content":"Merge-konfliktit ovat raivostuttavia, mutta yleisiä. Helpoiten niiltä välttyy aina hakemalla uusimman tilan etärepositoriosta, ennen kuin jatkaa koodaamista. Aina se ei ole kuitenkaan mahdollista, jolloin on vain kärsivällisesti käytävä konfliktitilanteet läpi.","dropCap":false},"clientId":"5fe7e457-6437-4ac7-90cd-132d7d2b538e","innerBlocks":[],"isValid":true,"name":"core/paragraph"},{"attributes":{"content":"Merge-konflikteja voi tulla myös, kun muutoksia ottaa pois stashista, jos syrjään asetetut muutokset ovat ristiriidassa nykyisten muutosten kanssa.","dropCap":false},"clientId":"e7d35b99-b016-4b43-8a25-ecca5386d3ce","innerBlocks":[],"isValid":true,"name":"core/paragraph"},{"attributes":{"id":"7283571d-3d7b-4c0e-b014-434f15e2c60f"},"clientId":"b5b9b083-1670-4b6a-903e-25fd90f0f49f","innerBlocks":[],"isValid":true,"name":"moocfi/exercise"},{"attributes":{"anchor":"gitin-historia","content":"Gitin historia","level":2},"clientId":"87872e85-71d1-40c1-b442-3b31bf817d89","innerBlocks":[],"isValid":true,"name":"core/heading"},{"attributes":{"content":"Kun projekti etenee ja siihen luodaan lisää commiteja, ne synnyttävät yhdessä projektin historian. Gitin historia tarkoittaa siis ketjua, joka syntyy kun committeja on luotu peräjälkeen.","dropCap":false},"clientId":"12522593-b67f-4ee3-850d-b676e8818629","innerBlocks":[],"isValid":true,"name":"core/paragraph"},{"attributes":{"content":"Projektin historian säilyttäminen on yksi versionhallinan suurimmista eduista. Se mahdollistaa esimerkiksi historiassa takaisin palaamisen, jos kehityksessä on lisätty jokin toimimaton ominaisuus.","dropCap":false},"clientId":"636055e4-2c34-4b39-921f-8555fb534bd9","innerBlocks":[],"isValid":true,"name":"core/paragraph"},{"attributes":{"anchor":"historian-tarkasteleminen","content":"Historian tarkasteleminen","level":3},"clientId":"9ee3f720-6a54-4f8a-9960-5dddb8bf2118","innerBlocks":[],"isValid":true,"name":"core/heading"},{"attributes":{"content":"Projektin historia näkyy helposti GitHubissa. Tarkastellaan historiaa ensin sitä kautta.","dropCap":false},"clientId":"71d9dc24-565d-4999-8ff0-006751979bc0","innerBlocks":[],"isValid":true,"name":"core/paragraph"},{"attributes":{"content":"Navigoidessa projektin sivulle yläpalkissa on ensimmäisenä vasemmalla välilehti, josta pääsee tarkastelemaan committeja. Esimerkiksi alla näkyvässä kuvassa kyseisessä välilehdessä lukee “4 commits”.","dropCap":false},"clientId":"deabead5-e6d1-4164-9944-ecf14c654b6a","innerBlocks":[],"isValid":true,"name":"core/paragraph"},{"attributes":{"alt":"Add alt","blurDataUrl":"","caption":"","href":"https://courses.mooc.fi/api/v0/files/course/a5f7ec37-3848-4392-8d07-13f5dc688181/images/FdVeqUzxm4BNO0LgWNiN7gAfg4eD1X.png","linkDestination":"media","sizeSlug":"full","url":"https://courses.mooc.fi/api/v0/files/course/a5f7ec37-3848-4392-8d07-13f5dc688181/images/FdVeqUzxm4BNO0LgWNiN7gAfg4eD1X.png"},"clientId":"7c136792-38ca-40d9-a22f-f30371f67fba","innerBlocks":[],"isValid":true,"name":"core/image"},{"attributes":{"content":"Kun välilehden avaa, näkee allekkain kaikki tehdyt commitit. Oikeassa reunassa näkyy kolme nappia.","dropCap":false},"clientId":"4b83d33a-7a66-4271-8473-0d4224072ad8","innerBlocks":[],"isValid":true,"name":"core/paragraph"},{"attributes":{"alt":"Add alt","blurDataUrl":"","caption":"","href":"https://courses.mooc.fi/api/v0/files/course/a5f7ec37-3848-4392-8d07-13f5dc688181/images/75CrbgxrkPJOwxvDQl2x9yiPyuUTTF.png","linkDestination":"media","sizeSlug":"full","url":"https://courses.mooc.fi/api/v0/files/course/a5f7ec37-3848-4392-8d07-13f5dc688181/images/75CrbgxrkPJOwxvDQl2x9yiPyuUTTF.png"},"clientId":"54dda4dd-0c1d-446a-9fc0-0dc95d4f42bc","innerBlocks":[],"isValid":true,"name":"core/image"},{"attributes":{"content":"Napeista keskimmäisessä näkyy tietyn commitin id:n alkuosa. Kyseistä nappia painamalla on mahdollista nähdä kaikki commitissa tehdyt muutokset. Lisäykset näkyvät vihreällä, ja poistot punaisella.","dropCap":false},"clientId":"53a5c457-ce24-4234-96bd-884b31ff3fc5","innerBlocks":[],"isValid":true,"name":"core/paragraph"},{"attributes":{"alt":"Add alt","blurDataUrl":"","caption":"","href":"https://courses.mooc.fi/api/v0/files/course/a5f7ec37-3848-4392-8d07-13f5dc688181/images/jwKZUuLK5mj9MX1nTY4TFuDzj9RfDm.jpg","linkDestination":"media","sizeSlug":"full","url":"https://courses.mooc.fi/api/v0/files/course/a5f7ec37-3848-4392-8d07-13f5dc688181/images/jwKZUuLK5mj9MX1nTY4TFuDzj9RfDm.jpg"},"clientId":"e28a6557-4b23-478a-9e0e-d2572e2c44ad","innerBlocks":[],"isValid":true,"name":"core/image"},{"attributes":{"content":"Painamalla seuraavaksi “Browse files”, tai edellisestä näkymästä oikeanpuolimmaista <code>&lt;></code>-painiketta, pääsee tarkastelemaan <em>koko projektia</em> kyseisessä commitissa. Commit siis sisältää pelkästään muutokset, mutta Git mahdollistaa koko projektin tilan tarkastelemisen tietyn commitin jälkeen. Pääset palaamaan takaisin mainiin, eli päähaaran viimeisempään committiin painamalla vasemmalla olevaa hakemistopuuta kuvaavalla ikonilla varustettua painiketta, jossa lukee tarkastelussa olevan commitin tunniste, ja valitsemalla avautuvasta valikosta <code>main</code>.","dropCap":false},"clientId":"df0a150d-6bb8-4161-8085-57069fbdd709","innerBlocks":[],"isValid":true,"name":"core/paragraph"},{"attributes":{"alt":"Add alt","blurDataUrl":"","caption":"","href":"https://courses.mooc.fi/api/v0/files/course/a5f7ec37-3848-4392-8d07-13f5dc688181/images/yIWdhn09XOvBL7YtCY7xYkAO7Abkhk.png","linkDestination":"media","sizeSlug":"full","url":"https://courses.mooc.fi/api/v0/files/course/a5f7ec37-3848-4392-8d07-13f5dc688181/images/yIWdhn09XOvBL7YtCY7xYkAO7Abkhk.png"},"clientId":"2e43895a-5668-47ce-adf8-ad2643aaf450","innerBlocks":[],"isValid":true,"name":"core/image"},{"attributes":{"content":"Saman voi tehdä myös komentorivillä. Kun ollaan Git-projektin kansiossa, tiettyyn committiin voidaan siirtyä komennolla <code>git checkout commitin_id</code>. Tämä vastaa samaa, kuin GitHubissa koko projektin tilan tarkasteleminen tietyn commitin jälkeen. Samalla tavalla takaisin viimeisimpään committiin pääsee komennolla <code>git checkout haarannimi</code>, eli yleisimmässä tapauksessa <code>git checkout main</code>. Yksittäisen commitin muutoksia voidaan tarkastella komennolla <code>git show commitin_id</code>.","dropCap":false},"clientId":"7a09d269-86ec-4f09-a49e-03c1a28b6758","innerBlocks":[],"isValid":true,"name":"core/paragraph"},{"attributes":{"id":"72e89ef3-0dfc-4fea-b8fa-f53a8811c415"},"clientId":"d1989420-1227-45fd-b858-eed19621932d","innerBlocks":[],"isValid":true,"name":"moocfi/exercise"},{"attributes":{"backgroundColor":"#faf5f3","noPadding":false},"clientId":"f9c1723e-2df2-4657-9088-b75c0219eacc","innerBlocks":[{"attributes":{"content":"Mieti tarkkaan mitä julkaiset","level":5},"clientId":"6fcdbdc0-58a1-4a77-94f5-5e25de47e049","innerBlocks":[],"isValid":true,"name":"core/heading"},{"attributes":{"content":"Tämä on muistutus, että etärepositorioon ei pidä puskea mitään salaista: ei salasanoja, henkilökohtaisia API-avaimia, tai opiskelijanumeroa, tai muutakaan, mitä ei halua julkaista koko maailmalle.","dropCap":false},"clientId":"73487916-0897-408f-b6b0-c45ade2dfb1f","innerBlocks":[],"isValid":true,"name":"core/paragraph"}],"isValid":true,"name":"moocfi/infobox"},{"attributes":{"anchor":"githubin-workflow","content":"GitHubin workflow","level":2},"clientId":"e65abce7-ec38-4f39-819a-0c150d683e96","innerBlocks":[],"isValid":true,"name":"core/heading"},{"attributes":{"content":"GitHubin kaltaiset palvelut helpottavat merkittävästi yhteisten projektien kehittämistä. Käyttäjät huomaavat projektien ongelmat parhaiten. Projektille voi tehdä GitHubissa <em>issuen</em>, ja kertoa ohjelman vajaavaisuuksista. Tavallisimpia issueiden aiheita ovat bugit ohjelman toiminnassa, ongelmia asennuksessa, tai puuttuvat toiminnallisuudet.","dropCap":false},"clientId":"32d6a01d-63bd-44ba-a6be-9dbd9cb896c6","innerBlocks":[],"isValid":true,"name":"core/paragraph"},{"attributes":{"content":"Jos tietää ongelman ratkaisun, voi sitä ehdottaa projektin omistajalle koodin muodossa. GitHubissa sijaitsevan projektin voi kopioida kokonaisuudessaan omalle koneelleen komennolla <code>git clone</code>. Komento ottaa argumentiksi repositorion osoitteen, jonka saa projektikansion oikeasta yläkulmasta vihreästä napista.","dropCap":false},"clientId":"a1bc0259-246e-44b9-af8d-45cc81632acf","innerBlocks":[],"isValid":true,"name":"core/paragraph"},{"attributes":{"alt":"Add alt","blurDataUrl":"","caption":"","href":"https://courses.mooc.fi/api/v0/files/course/a5f7ec37-3848-4392-8d07-13f5dc688181/images/6BTzFQgH4sI2RpxT1MqvCVD7PnSh71.png","linkDestination":"media","sizeSlug":"full","url":"https://courses.mooc.fi/api/v0/files/course/a5f7ec37-3848-4392-8d07-13f5dc688181/images/6BTzFQgH4sI2RpxT1MqvCVD7PnSh71.png"},"clientId":"1d1a7a34-4652-4528-a6a9-d60ad4be257e","innerBlocks":[],"isValid":true,"name":"core/image"},{"attributes":{"content":"Kyseessä on siis sama osoite, joka annettiin aikaisemmin <code>git remote add</code>-komennolle argumentiksi. Projektin omistaja ei saa ilmoitusta siitä, että hänen projektinsa on kloonattu.","dropCap":false},"clientId":"6a097403-f21e-4576-9c44-782749d3b793","innerBlocks":[],"isValid":true,"name":"core/paragraph"},{"attributes":{"content":"Jatkossa, kun aloitat uuden Git-projektin, on olemassa kaksi vaihtoehtoa etärepositorion linkittämiseksi. Voit joko luoda projektin ensin komentoriviltä komennolla <code>git init</code> ja lisätä sen jälkeen projektille etärepositorion. Toinen vaihtoehto on ensin luoda GitHubissa repositorio, ja kloonata sitten tyhjä projekti koneelle.","dropCap":false},"clientId":"838951ec-c9f4-4320-8969-1e459da8596a","innerBlocks":[],"isValid":true,"name":"core/paragraph"},{"attributes":{"content":"Jotta kloonaamaansa repositorioon tekemänsä muutokset voi puskea takaisin etärepositorioon, projektin omistajan tulee <a href=\"https://help.github.com/articles/inviting-collaborators-to-a-personal-repository/\">lisätä kloonaaja projektin kehittäjäksi</a>. Muussa tapauksessa komento <code>git push</code> ei onnistu. Yhteisissä koodiprojekteissa voidaan siis luoda Git-projekti, jonka etärepositoriossa kaikki osallistujat ovat kehittäjinä, jolloin kaikki voivat vapaasti lisätä projektiin koodia.","dropCap":false},"clientId":"d44d5663-2f95-428c-9754-44b52e820eff","innerBlocks":[],"isValid":true,"name":"core/paragraph"},{"attributes":{"content":"On kuitenkin myös toinen tapa ehdottaa muutoksia olemassaolevaan projektiin: <em>fork</em>. Kun forkkaa projektin, kopio siitä lisätään käyttäjän omaksi repositorioksi hänen omaan profiiliiinsa. Tästä tulee ilmoitus GitHubin “feediin”, ja projektin omistaja voi nähdä, kuka on forkannut projektin. Kun olet forkannut projektin, voit kloonata oman kopiosi koneellesi tavalliseen tapaan <em>omasta profiilistasi</em>, ja puskea muutoksia <em>omaan kopioosi</em>.","dropCap":false},"clientId":"4fa9328e-5fe0-4ea6-8cc0-7df671fd7431","innerBlocks":[],"isValid":true,"name":"core/paragraph"},{"attributes":{"content":"Jos oman kopioosi tekemäsi muutokset ovat mielestäsi niin hyviä, että haluat ehdottaa niitä myös alkuperäiseen projektiin, sen voi tehdä <a href=\"https://help.github.com/articles/about-pull-requests/\">pull requestin</a> avulla. Tällöin alkuperäisen projektin omistaja voi halutessaan liittää mergen avulla muutoksesi projektiinsa.","dropCap":false},"clientId":"2f15289f-6b86-443f-a0a8-113217d46e0e","innerBlocks":[],"isValid":true,"name":"core/paragraph"},{"attributes":{"id":"2e470fc1-e925-4829-97ee-b6409b7798eb"},"clientId":"c4035ada-bb45-4c61-b61e-2ad9f9338646","innerBlocks":[],"isValid":true,"name":"moocfi/exercise"},{"attributes":{"id":"17a3c844-7e98-4631-af6d-3317ca1c55cc"},"clientId":"8da7c302-06c7-4ccb-bc3e-a1bad5b0e903","innerBlocks":[],"isValid":true,"name":"moocfi/exercise"},{"attributes":{"anchor":"loppusanat","content":"Loppusanat","level":2},"clientId":"91465c77-a558-4dd8-8a4e-6344756eb060","innerBlocks":[],"isValid":true,"name":"core/heading"},{"attributes":{"content":"Vasta-alkajana yhteistyöprojekteissa versionhallinnan avulla hukkaa ja rikkoo helposti koodia. Versionhallinnan käyttäminen koodaamisessa on kuitenkin eräs tärkeimmistä koodarin taidoista. Vaikka työpaikalla ei käytettäisi Gitiä, pätevät versionhallintaohjelmiin usein samat periaatteet.","dropCap":false},"clientId":"65a239a7-0ff2-451d-8a06-8627f079cc05","innerBlocks":[],"isValid":true,"name":"core/paragraph"},{"attributes":{"content":"Jos törmäät outoon virheeseen, kysy rohkeasti apua, äläkä ajele sokkona komentoja. Pitkälle pääsee pitämällä silmällä <code>git status</code>-komennon tulosteita, puskemalla varmuuskopioita ajoittain, ja kommunikoimalla muiden projektilaisten kanssa muuallakin kuin commit-viesteissä. Gitiä oppii parhaiten käyttämällä sitä. Älä siis lannistu ja poista projektia heti epäonnistuessasi. Pahimmassa tapausessa voi aina kloonata projektin uudestaan, kunhan on muistanut siirtää työnsä GitHubiin.","dropCap":false},"clientId":"4d9a7182-9d06-4015-9b5a-254825aa9df9","innerBlocks":[],"isValid":true,"name":"core/paragraph"},{"attributes":{"content":"On jälleen aika hengähtää ja pitää tauko. Anna mielesi levätä, ennen kuin palaat materiaaliin ja sen oppimistavoitteisiin.","dropCap":false},"clientId":"512eec54-3b1a-4667-9642-6cbd3dc937ee","innerBlocks":[],"isValid":true,"name":"core/paragraph"},{"attributes":{"content":"Lisää Gitistä voi lukea esimerkiksi seuraavista lähteistä:","dropCap":false},"clientId":"0726c8b8-845f-427d-b01d-c6d45199d3c8","innerBlocks":[],"isValid":true,"name":"core/paragraph"},{"attributes":{"ordered":false,"values":""},"clientId":"4f51a781-e041-41cb-bacf-583103ca6ba5","innerBlocks":[{"attributes":{"content":"<a href=\"https://git-scm.com/book/en/v2\">https://git-scm.com/book/en/v2</a>"},"clientId":"0d523e94-c2a1-4a6f-8328-8c0093ad9b7f","innerBlocks":[{"attributes":{"ordered":false,"values":""},"clientId":"06a7f514-bc11-4c8d-b182-9392b69b9e91","innerBlocks":[{"attributes":{"content":"Pro Git Book on kohtuullisen raskas, mutta erittäin kattava dokumentaatio Gitistä. Kannattaa käyttää yksittäisen asian opiskelemiseen. Kokonaan läpi rämpiminen voi olla turhan pitkäveteinen operaatio."},"clientId":"e560a597-487e-4fb7-8813-ec2683b0c4b1","innerBlocks":[],"isValid":true,"name":"core/list-item"}],"isValid":true,"name":"core/list"}],"isValid":true,"name":"core/list-item"},{"attributes":{"content":"<a href=\"http://ohshitgit.com/\">http://ohshitgit.com/</a>"},"clientId":"c506dbb7-b829-4a9d-9809-f5651804b2da","innerBlocks":[{"attributes":{"ordered":false,"values":""},"clientId":"fd6b77bf-9722-4b6d-994a-bfac5a0f3ebe","innerBlocks":[{"attributes":{"content":"Apuja yleisiin ongelmatilanteisiin hauskasti puettuna."},"clientId":"27bcad67-29a8-4f7b-9515-8066d1105f69","innerBlocks":[],"isValid":true,"name":"core/list-item"},{"attributes":{"content":"Komennot sisältävät jonkin verran Gitin historian ylikirjoittamista, mitä emme tässä osassa käsitelleet, ja saattaa siten joskus viedä ojasta allikkoon. Voi kuitenkin olla nopea apu epätoivon hetkinä, ja erityisesti ensimmäinen komento, <code>git reflog</code>, pelastaa tilanteissa, joissa on onnistunut sekoittamaan koko pakan."},"clientId":"cbf56dbf-e8a7-4e71-b517-42077216a829","innerBlocks":[],"isValid":true,"name":"core/list-item"}],"isValid":true,"name":"core/list"}],"isValid":true,"name":"core/list-item"},{"attributes":{"content":"<a href=\"https://try.github.io/\">https://try.github.io/</a>"},"clientId":"461c56e0-ea44-44ac-b086-266cb7d09812","innerBlocks":[{"attributes":{"ordered":false,"values":""},"clientId":"ca0d23ff-c4b3-4104-8962-7144e3720b02","innerBlocks":[{"attributes":{"content":"GitHubin tutoriaali, joka alkaa ihan perusasioista. Käsittelee joitain asioita, joita ei käyty läpi tässä osassa, kuten <code>git diff</code> ja komentoriviltä haarojen yhdistäminen."},"clientId":"29a2f8ac-286a-4f6c-8687-6086313e2b67","innerBlocks":[],"isValid":true,"name":"core/list-item"}],"isValid":true,"name":"core/list"}],"isValid":true,"name":"core/list-item"},{"attributes":{"content":"Mikäli olet jo tutustunut Gittiin jonkin verran, saatat olla kiinnostunut oppimaan lisää Gitin historiasta. Historian säilyttäminen, jota demonstroitiin esimerkiksi salaisuus-tehtävässä, mahdollistaa myös sen muokkaamisen jälkikäteen. Vanhaa sanontaa mukaillen, <em>Voittajat kirjoittavat historian, ja mokailijat ylikirjoittavat Gitin historian</em>. Historian muokkaaminen on kuitenkin varsin vaarallista erityisesti yhteistyöprojekteissa, sillä sen avulla voi pilata muiden ihmisten koneilla olevia versioita. Jos olet kuitenkin edelleen kiinnostunut, Atlassanilla on erikseen tutoriaali <a href=\"https://www.atlassian.com/git/tutorials/rewriting-history\">historian ylikirjoittamisesta</a>, sekä muita <a href=\"https://www.atlassian.com/git/tutorials/advanced-overview\">edistyneempiä tutoriaaleja</a>."},"clientId":"b515904d-4643-4a2b-afbb-7bde191ebf36","innerBlocks":[],"isValid":true,"name":"core/list-item"}],"isValid":true,"name":"core/list"},{"attributes":{"content":"P.S Mikäli olet läsnäoleva opiskelija yliopistossa, kannattaa käydä tarkistamassa GitHub student packin <a href=\"https://education.github.com/pack/offers\">tarjoukset</a>. Tarjolla on krediittejä esimerkiksi DigitalOcean- ja AWS-palveluihin, sekä etuja myös itse GitHubiin.","dropCap":false},"clientId":"0b994b57-11a7-4343-84ac-9b72de75ab3a","innerBlocks":[],"isValid":true,"name":"core/paragraph"}],"order_number":0,"copied_from":null,"hidden":false,"page_language_group_id":"6d1d5f52-cdbe-5c09-9337-061dc9995927","exercises":[{"id":"b1a897c8-f0bc-4bb3-8127-cfe16a87b65d","created_at":"2024-09-04T12:03:49.521177Z","updated_at":"2025-01-03T14:30:16.599945Z","name":"GitHub-tunnuksen luonti","course_id":"a5f7ec37-3848-4392-8d07-13f5dc688181","exam_id":null,"page_id":"8e737763-d0b1-4052-98ca-94011a373945","chapter_id":"ea08b338-88af-4d2b-9e25-04fcc5a105b2","deadline":null,"deleted_at":null,"score_maximum":1,"order_number":0,"copied_from":null,"max_tries_per_slide":null,"limit_number_of_tries":false,"needs_peer_review":false,"needs_self_review":false,"use_course_default_peer_or_self_review_config":false,"exercise_language_group_id":"20e2bf6a-dfa2-486f-9cd2-7c2128ecef3a"},{"id":"080acdf1-0f5f-4bf9-88a5-861bc6e64bd3","created_at":"2024-09-04T12:03:49.521177Z","updated_at":"2025-01-03T14:30:16.599945Z","name":"Gitin konfigurointi","course_id":"a5f7ec37-3848-4392-8d07-13f5dc688181","exam_id":null,"page_id":"8e737763-d0b1-4052-98ca-94011a373945","chapter_id":"ea08b338-88af-4d2b-9e25-04fcc5a105b2","deadline":null,"deleted_at":null,"score_maximum":1,"order_number":1,"copied_from":null,"max_tries_per_slide":null,"limit_number_of_tries":false,"needs_peer_review":false,"needs_self_review":false,"use_course_default_peer_or_self_review_config":false,"exercise_language_group_id":"f72b4e6a-df12-4bff-8ed3-a0b1d10a99dd"},{"id":"d977083e-7a31-4298-813d-d9083910fc14","created_at":"2024-09-04T12:03:49.521177Z","updated_at":"2025-01-03T14:30:16.599945Z","name":"Committien harjoittelua","course_id":"a5f7ec37-3848-4392-8d07-13f5dc688181","exam_id":null,"page_id":"8e737763-d0b1-4052-98ca-94011a373945","chapter_id":"ea08b338-88af-4d2b-9e25-04fcc5a105b2","deadline":null,"deleted_at":null,"score_maximum":1,"order_number":2,"copied_from":null,"max_tries_per_slide":null,"limit_number_of_tries":false,"needs_peer_review":false,"needs_self_review":false,"use_course_default_peer_or_self_review_config":false,"exercise_language_group_id":"037bd439-eea9-40e0-9704-b63c7b9fa6b9"},{"id":"9e1bed9c-0fe5-46f0-baf2-29bd09e0c8cb","created_at":"2024-09-04T12:03:49.521177Z","updated_at":"2025-01-03T14:30:16.599945Z","name":"Muutosten poistaminen","course_id":"a5f7ec37-3848-4392-8d07-13f5dc688181","exam_id":null,"page_id":"8e737763-d0b1-4052-98ca-94011a373945","chapter_id":"ea08b338-88af-4d2b-9e25-04fcc5a105b2","deadline":null,"deleted_at":null,"score_maximum":1,"order_number":3,"copied_from":null,"max_tries_per_slide":null,"limit_number_of_tries":false,"needs_peer_review":false,"needs_self_review":false,"use_course_default_peer_or_self_review_config":false,"exercise_language_group_id":"ca7ae000-f344-4c3d-9362-4f6521d50f56"},{"id":"edc84e49-f172-4342-92f5-6b0d2fb3abc2","created_at":"2024-09-04T12:44:36.212999Z","updated_at":"2025-01-03T14:30:16.599945Z","name":"SSH-avain GitHubiin","course_id":"a5f7ec37-3848-4392-8d07-13f5dc688181","exam_id":null,"page_id":"8e737763-d0b1-4052-98ca-94011a373945","chapter_id":"ea08b338-88af-4d2b-9e25-04fcc5a105b2","deadline":null,"deleted_at":null,"score_maximum":1,"order_number":4,"copied_from":null,"max_tries_per_slide":null,"limit_number_of_tries":false,"needs_peer_review":false,"needs_self_review":false,"use_course_default_peer_or_self_review_config":false,"exercise_language_group_id":"a3db7832-6d93-4e70-8a7a-864e16abfe74"},{"id":"e130d866-614c-4ff6-8123-be0da8bc593f","created_at":"2024-09-04T12:44:36.212999Z","updated_at":"2025-01-03T14:30:16.599945Z","name":"Etärepositorion luominen Githubissa","course_id":"a5f7ec37-3848-4392-8d07-13f5dc688181","exam_id":null,"page_id":"8e737763-d0b1-4052-98ca-94011a373945","chapter_id":"ea08b338-88af-4d2b-9e25-04fcc5a105b2","deadline":null,"deleted_at":null,"score_maximum":1,"order_number":5,"copied_from":null,"max_tries_per_slide":null,"limit_number_of_tries":false,"needs_peer_review":false,"needs_self_review":false,"use_course_default_peer_or_self_review_config":false,"exercise_language_group_id":"3a1e0329-1d71-4080-8d7f-296ea82f4581"},{"id":"24ba4c91-fb8c-4e39-89d2-efa95e7fcceb","created_at":"2024-09-04T12:44:36.212999Z","updated_at":"2025-01-03T14:30:16.599945Z","name":"Commitin julkaiseminen","course_id":"a5f7ec37-3848-4392-8d07-13f5dc688181","exam_id":null,"page_id":"8e737763-d0b1-4052-98ca-94011a373945","chapter_id":"ea08b338-88af-4d2b-9e25-04fcc5a105b2","deadline":null,"deleted_at":null,"score_maximum":1,"order_number":6,"copied_from":null,"max_tries_per_slide":null,"limit_number_of_tries":false,"needs_peer_review":false,"needs_self_review":false,"use_course_default_peer_or_self_review_config":false,"exercise_language_group_id":"8f8b8f4d-319a-43be-9bec-d9cc6fb705bf"},{"id":"7ae1ed6a-803d-4d06-8aca-207ed09925d8","created_at":"2024-09-04T12:56:01.963614Z","updated_at":"2025-01-03T14:30:16.599945Z","name":"Koodin hakeminen etärepositoriosta","course_id":"a5f7ec37-3848-4392-8d07-13f5dc688181","exam_id":null,"page_id":"8e737763-d0b1-4052-98ca-94011a373945","chapter_id":"ea08b338-88af-4d2b-9e25-04fcc5a105b2","deadline":null,"deleted_at":null,"score_maximum":1,"order_number":7,"copied_from":null,"max_tries_per_slide":null,"limit_number_of_tries":false,"needs_peer_review":false,"needs_self_review":false,"use_course_default_peer_or_self_review_config":false,"exercise_language_group_id":"c95383b6-1d8b-417d-a5a4-37fb41f7c26d"},{"id":"f432fcd0-227a-4688-a001-15bc8fb69be4","created_at":"2024-09-04T12:44:36.212999Z","updated_at":"2025-01-03T14:30:16.599945Z","name":"Stashin käyttäminen pullatessa","course_id":"a5f7ec37-3848-4392-8d07-13f5dc688181","exam_id":null,"page_id":"8e737763-d0b1-4052-98ca-94011a373945","chapter_id":"ea08b338-88af-4d2b-9e25-04fcc5a105b2","deadline":null,"deleted_at":null,"score_maximum":1,"order_number":8,"copied_from":null,"max_tries_per_slide":null,"limit_number_of_tries":false,"needs_peer_review":false,"needs_self_review":false,"use_course_default_peer_or_self_review_config":false,"exercise_language_group_id":"7bf26d7c-497b-49af-bc6b-fe7934554a23"},{"id":"39dbbf2a-ae94-4566-bf88-717da2105c41","created_at":"2024-09-04T12:44:36.212999Z","updated_at":"2025-01-03T14:30:16.599945Z","name":"Mergeäminen","course_id":"a5f7ec37-3848-4392-8d07-13f5dc688181","exam_id":null,"page_id":"8e737763-d0b1-4052-98ca-94011a373945","chapter_id":"ea08b338-88af-4d2b-9e25-04fcc5a105b2","deadline":null,"deleted_at":null,"score_maximum":1,"order_number":9,"copied_from":null,"max_tries_per_slide":null,"limit_number_of_tries":false,"needs_peer_review":false,"needs_self_review":false,"use_course_default_peer_or_self_review_config":false,"exercise_language_group_id":"b4ca5da2-989f-4c05-96ac-3c49061b27e7"},{"id":"7283571d-3d7b-4c0e-b014-434f15e2c60f","created_at":"2024-09-04T12:44:36.212999Z","updated_at":"2025-01-03T14:30:16.599945Z","name":"Merge-konflikti","course_id":"a5f7ec37-3848-4392-8d07-13f5dc688181","exam_id":null,"page_id":"8e737763-d0b1-4052-98ca-94011a373945","chapter_id":"ea08b338-88af-4d2b-9e25-04fcc5a105b2","deadline":null,"deleted_at":null,"score_maximum":1,"order_number":10,"copied_from":null,"max_tries_per_slide":null,"limit_number_of_tries":false,"needs_peer_review":false,"needs_self_review":false,"use_course_default_peer_or_self_review_config":false,"exercise_language_group_id":"0d1d29c8-7c68-4130-967b-dc07742093b5"},{"id":"72e89ef3-0dfc-4fea-b8fa-f53a8811c415","created_at":"2024-09-04T12:44:36.212999Z","updated_at":"2025-01-03T14:30:16.599945Z","name":"Salaisuus","course_id":"a5f7ec37-3848-4392-8d07-13f5dc688181","exam_id":null,"page_id":"8e737763-d0b1-4052-98ca-94011a373945","chapter_id":"ea08b338-88af-4d2b-9e25-04fcc5a105b2","deadline":null,"deleted_at":null,"score_maximum":1,"order_number":11,"copied_from":null,"max_tries_per_slide":null,"limit_number_of_tries":false,"needs_peer_review":false,"needs_self_review":false,"use_course_default_peer_or_self_review_config":false,"exercise_language_group_id":"2df1cdf9-dfa6-4126-a724-a26d5a085908"},{"id":"2e470fc1-e925-4829-97ee-b6409b7798eb","created_at":"2024-09-04T12:44:36.212999Z","updated_at":"2025-01-03T14:30:16.599945Z","name":"Kloonaaminen","course_id":"a5f7ec37-3848-4392-8d07-13f5dc688181","exam_id":null,"page_id":"8e737763-d0b1-4052-98ca-94011a373945","chapter_id":"ea08b338-88af-4d2b-9e25-04fcc5a105b2","deadline":null,"deleted_at":null,"score_maximum":1,"order_number":12,"copied_from":null,"max_tries_per_slide":null,"limit_number_of_tries":false,"needs_peer_review":false,"needs_self_review":false,"use_course_default_peer_or_self_review_config":false,"exercise_language_group_id":"04c9c843-b95c-49cb-b718-d9ac37325fa4"},{"id":"17a3c844-7e98-4631-af6d-3317ca1c55cc","created_at":"2024-09-04T12:44:36.212999Z","updated_at":"2025-01-03T14:30:16.599945Z","name":"Toisen projektin tutkiminen","course_id":"a5f7ec37-3848-4392-8d07-13f5dc688181","exam_id":null,"page_id":"8e737763-d0b1-4052-98ca-94011a373945","chapter_id":"ea08b338-88af-4d2b-9e25-04fcc5a105b2","deadline":null,"deleted_at":null,"score_maximum":1,"order_number":13,"copied_from":null,"max_tries_per_slide":null,"limit_number_of_tries":false,"needs_peer_review":false,"needs_self_review":false,"use_course_default_peer_or_self_review_config":false,"exercise_language_group_id":"f1bc4993-16bb-4bf9-93c1-a35346bc6815"}]}]           gG?g       O^partitionKey=%28https%2Cmooc.fi%29,:https://courses.mooc.fi/api/v0/course-material/chapters/ea08b338-88af-4d2b-9e25-04fcc5a105b2/exercises strongly-framed 1 security-info FnhllAKWRHGAlo+ESXykKAAAAAAAAAAAwAAAAAAAAEaphjojH6pBabDSgSnsfLHeAAAAAgAAAAAAAAAAAAAAAAAAAAEAOQFmCjImkVxP+7sgiYWmMt8FvcOXmlQiTNWFiWlrbpbqgwAAAAAAAATzMIIE7zCCA9egAwIBAgISA8m3IzWdI5OKbbwgBnC3TOO9MA0GCSqGSIb3DQEBCwUAMDMxCzAJBgNVBAYTAlVTMRYwFAYDVQQKEw1MZXQncyBFbmNyeXB0MQwwCgYDVQQDEwNSMTEwHhcNMjUwMTE0MTQ1MjAyWhcNMjUwNDE0MTQ1MjAxWjAaMRgwFgYDVQQDEw9jb3Vyc2VzLm1vb2MuZmkwggEiMA0GCSqGSIb3DQEBAQUAA4IBDwAwggEKAoIBAQDZJgbabPeMeuYPl7uiLhVlql0fXkT0gAoHTqOHRNrBSL9qs0LKRA3433vdRiolYkZbhfvIqTmD28bgCPFnESEZOYRQ2w4dNf02eDtSbDe0ZCfpk8JPjVz9lv2/SW7pS4VxMa8qKFcpZLCyj1fw/s8pYHNXjxx7HQfSO7amCLMPEjAOAr1h06cXRDav5srflezWFkuKey7YGbRq9scIb6XcyYHDt1Nkt8YxwTDaeDkGfmtrsh+1n/kraXohyeZ+pcJUReJDYpBOIDjL9ac32bIEEsea6LmmTu0/J+E1yGGGyyT1dIifyDktd2PYIvxyQISgJbwFWreqwcTXySwPS3sDAgMBAAGjggIUMIICEDAOBgNVHQ8BAf8EBAMCBaAwHQYDVR0lBBYwFAYIKwYBBQUHAwEGCCsGAQUFBwMCMAwGA1UdEwEB/wQCMAAwHQYDVR0OBBYEFGqtgiCKug+fWEDmqI2lIqy3udDnMB8GA1UdIwQYMBaAFMXPRqTq9MPAemyVxC2wXpIvJuO5MFcGCCsGAQUFBwEBBEswSTAiBggrBgEFBQcwAYYWaHR0cDovL3IxMS5vLmxlbmNyLm9yZzAjBggrBgEFBQcwAoYXaHR0cDovL3IxMS5pLmxlbmNyLm9yZy8wGgYDVR0RBBMwEYIPY291cnNlcy5tb29jLmZpMBMGA1UdIAQMMAowCAYGZ4EMAQIBMIIBBQYKKwYBBAHWeQIEAgSB9gSB8wDxAHcAzPsPaoVxCWX+lZtTzumyfCLphVwNl422qX5UwP5MDbAAAAGUZYJn0gAABAMASDBGAiEA5suFdLf4ZxzcnGSa3MhUWljK7bJsAmAE7YcExnO15t4CIQDklML7XYRnYsKza8q+telPquTQxPwYJPd7u6CUEl08OwB2AM8RVu7VLnyv84db2Wkum+kacWdKsBfsrAHSW3fOzDsIAAABlGWCZ/gAAAQDAEcwRQIhAJ1M9V6vjCyNlQnu5EkZ5N0g827S2GZGnAwRubxI0FSrAiAed1O/AgEgSkRlthInliuwfwaWHyJDbUkz/ptLP5Z8OTANBgkqhkiG9w0BAQsFAAOCAQEAGbJjBUUFTw8gzRGhpU642f+qScgSi8Y6TkNE3gcBFfJ/m25uZg4pTgo/whcLDx1Bv2VPurJ0aCTuxC3qkeinUaHshx22TWp43dH0vYprP9Q2M8/Ue89TT7ZXPQL1CW+XZ+J+iHiYva8WJsraupmyWhFFec/U7qBkB1l1Jt0n9Q+r93mVrQIY4G0fBACrx0wgnLxUoGdo9P52Aa5OZGPnPhXHQHuhAF/MAUeBwgQ4oYYL4MyOz3v94sC0afkEvxPD2MgE9o2G9SbGp4QBXZk0pEYoI5+VZpAIU7NaGIZq2wr4paM0x9DjR7wXGP/PJFAFIVasENAmWHY0CwQn64Q7iRMCAAQAAAAAAAEBAAAAAAAABngyNTUxOQAAAA5SU0EtUFNTLVNIQTI1NgADZgoyJpFcT/u7IImFpjLfBb3Dl5pUIkzVhYlpa26W6oMAAAAAAAAE8zCCBO8wggPXoAMCAQICEgPJtyM1nSOTim28IAZwt0zjvTANBgkqhkiG9w0BAQsFADAzMQswCQYDVQQGEwJVUzEWMBQGA1UEChMNTGV0J3MgRW5jcnlwdDEMMAoGA1UEAxMDUjExMB4XDTI1MDExNDE0NTIwMloXDTI1MDQxNDE0NTIwMVowGjEYMBYGA1UEAxMPY291cnNlcy5tb29jLmZpMIIBIjANBgkqhkiG9w0BAQEFAAOCAQ8AMIIBCgKCAQEA2SYG2mz3jHrmD5e7oi4VZapdH15E9IAKB06jh0TawUi/arNCykQN+N973UYqJWJGW4X7yKk5g9vG4AjxZxEhGTmEUNsOHTX9Nng7Umw3tGQn6ZPCT41c/Zb9v0lu6UuFcTGvKihXKWSwso9X8P7PKWBzV48cex0H0ju2pgizDxIwDgK9YdOnF0Q2r+bK35Xs1hZLinsu2Bm0avbHCG+l3MmBw7dTZLfGMcEw2ng5Bn5ra7IftZ/5K2l6IcnmfqXCVEXiQ2KQTiA4y/WnN9myBBLHmui5pk7tPyfhNchhhssk9XSIn8g5LXdj2CL8ckCEoCW8BVq3qsHE18ksD0t7AwIDAQABo4ICFDCCAhAwDgYDVR0PAQH/BAQDAgWgMB0GA1UdJQQWMBQGCCsGAQUFBwMBBggrBgEFBQcDAjAMBgNVHRMBAf8EAjAAMB0GA1UdDgQWBBRqrYIgiroPn1hA5qiNpSKst7nQ5zAfBgNVHSMEGDAWgBTFz0ak6vTDwHpslcQtsF6SLybjuTBXBggrBgEFBQcBAQRLMEkwIgYIKwYBBQUHMAGGFmh0dHA6Ly9yMTEuby5sZW5jci5vcmcwIwYIKwYBBQUHMAKGF2h0dHA6Ly9yMTEuaS5sZW5jci5vcmcvMBoGA1UdEQQTMBGCD2NvdXJzZXMubW9vYy5maTATBgNVHSAEDDAKMAgGBmeBDAECATCCAQUGCisGAQQB1nkCBAIEgfYEgfMA8QB3AMz7D2qFcQll/pWbU87psnwi6YVcDZeNtql+VMD+TA2wAAABlGWCZ9IAAAQDAEgwRgIhAObLhXS3+Gcc3JxkmtzIVFpYyu2ybAJgBO2HBMZztebeAiEA5JTC+12EZ2LCs2vKvrXpT6rk0MT8GCT3e7uglBJdPDsAdgDPEVbu1S58r/OHW9lpLpvpGnFnSrAX7KwB0lt3zsw7CAAAAZRlgmf4AAAEAwBHMEUCIQCdTPVer4wsjZUJ7uRJGeTdIPNu0thmRpwMEbm8SNBUqwIgHndTvwIBIEpEZbYSJ5YrsH8Glh8iQ21JM/6bSz+WfDkwDQYJKoZIhvcNAQELBQADggEBABmyYwVFBU8PIM0RoaVOuNn/qknIEovGOk5DRN4HARXyf5tubmYOKU4KP8IXCw8dQb9lT7qydGgk7sQt6pHop1Gh7Icdtk1qeN3R9L2Kaz/UNjPP1HvPU0+2Vz0C9Qlvl2fifoh4mL2vFibK2rqZsloRRXnP1O6gZAdZdSbdJ/UPq/d5la0CGOBtHwQAq8dMIJy8VKBnaPT+dgGuTmRj5z4Vx0B7oQBfzAFHgcIEOKGGC+DMjs97/eLAtGn5BL8Tw9jIBPaNhvUmxqeEAV2ZNKRGKCOflWaQCFOzWhiGatsK+KWjNMfQ40e8Fxj/zyRQBSFWrBDQJlh2NAsEJ+uEO4lmCjImkVxP+7sgiYWmMt8FvcOXmlQiTNWFiWlrbpbqgwAAAAAAAAUKMIIFBjCCAu6gAwIBAgIRAIp9PhPWLzDvI4a9KQdrNPgwDQYJKoZIhvcNAQELBQAwTzELMAkGA1UEBhMCVVMxKTAnBgNVBAoTIEludGVybmV0IFNlY3VyaXR5IFJlc2VhcmNoIEdyb3VwMRUwEwYDVQQDEwxJU1JHIFJvb3QgWDEwHhcNMjQwMzEzMDAwMDAwWhcNMjcwMzEyMjM1OTU5WjAzMQswCQYDVQQGEwJVUzEWMBQGA1UEChMNTGV0J3MgRW5jcnlwdDEMMAoGA1UEAxMDUjExMIIBIjANBgkqhkiG9w0BAQEFAAOCAQ8AMIIBCgKCAQEAuoe8XBsAOcvKCs3UZxD5ATylTqVhyybKUvsVAbe5KPUoHu0nsyQYOWcJDAjs4DqwO3cOvfPlOVRBDE6uQdaZdN5R2+97/1i9qLcT9t4x1fJyyXJqC4N0lZxGAGQUmfOx2SLZzaiSqhwmej/+71gFewiVgdtxD4774zEJuwm+UE1fj5F2PVqdnoPy6cRms+EGZkNIGIBloDcYmpuEMpexsr3E+BUAnSeI++JjF5ZsmydnS8TbKF5pwnnwSVzgJFDhxLyhBax7QG0AtMJBP6dYuC/FXJuluwme8f7rsIU5/agK70XEeOtlKsLPXzze41xNG/cLJyuqC0J3U095ah2H2QIDAQABo4H4MIH1MA4GA1UdDwEB/wQEAwIBhjAdBgNVHSUEFjAUBggrBgEFBQcDAgYIKwYBBQUHAwEwEgYDVR0TAQH/BAgwBgEB/wIBADAdBgNVHQ4EFgQUxc9GpOr0w8B6bJXELbBeki8m47kwHwYDVR0jBBgwFoAUebRZ5nu25eQBc4AIiMgaWPbpm24wMgYIKwYBBQUHAQEEJjAkMCIGCCsGAQUFBzAChhZodHRwOi8veDEuaS5sZW5jci5vcmcvMBMGA1UdIAQMMAowCAYGZ4EMAQIBMCcGA1UdHwQgMB4wHKAaoBiGFmh0dHA6Ly94MS5jLmxlbmNyLm9yZy8wDQYJKoZIhvcNAQELBQADggIBAE7iiV0KAxyQOND1H/lxXPjDj7I3iHpvsCUf7b632IYGjukJhM1yv4Hz/MrPU0jtvfZpQtSlET41yBOykh0FX+ou1Nj4ScOt9ZmWnO8m2OG0JAtIIE3801S0qcYhyOE2G/93ZCkXufBL713qzXnQv5C/viOykNpKqUgxdKlEC+Hi9i2DcaR1e9KUwQUZRhy5j/PEdEglKg3l9dtD4tuTm7kZtB8v32oOjzHTYw+7KdzdZiw/sBtnUfhBPORNuay4pJxmY/WrhSMdzFO2q3Gu3MUBcdo27goYKjL9CTF8j/Zz55yctUoVaneCWs/ajUX+HypkBTA+c8LGDLnWO2NKq0YD/pnARkAnYGPfUDoHR9gVSp/qRx+ZWghiDLZsMwhN1zjtSC0uBWiugF3vTNzYIEFfaPG7Ws3jDrAMMYebQ95JQ+HIBD/RPBuHRTBpqKlyDnkSHDHYPiNX3adPoPAcgdF3H2/W0rmoswMWgTlLn1Wu0mrks7/qpdWfS6PJ1jty80r2VKsM/Dj3YIDfbjXKdaFU5C+8bhfJGqU3taKauuz0wHVGT3eo6FlWkWYtbt4pgdamlwVeZEW+LM7qZEJEsMNPrfC03APKmZsJgpWCDWOKZvkZcvjVuYkQ4omYCTX5ohy+knMjdOmdH9c7SpqEWBDC86fiNex+O0XOMEZSa8DAZgoyJpFcT/u7IImFpjLfBb3Dl5pUIkzVhYlpa26W6oMAAAAAAAAFbzCCBWswggNToAMCAQICEQCCEM+w0kDjWURj4LtjgosAMA0GCSqGSIb3DQEBCwUAME8xCzAJBgNVBAYTAlVTMSkwJwYDVQQKEyBJbnRlcm5ldCBTZWN1cml0eSBSZXNlYXJjaCBHcm91cDEVMBMGA1UEAxMMSVNSRyBSb290IFgxMB4XDTE1MDYwNDExMDQzOFoXDTM1MDYwNDExMDQzOFowTzELMAkGA1UEBhMCVVMxKTAnBgNVBAoTIEludGVybmV0IFNlY3VyaXR5IFJlc2VhcmNoIEdyb3VwMRUwEwYDVQQDEwxJU1JHIFJvb3QgWDEwggIiMA0GCSqGSIb3DQEBAQUAA4ICDwAwggIKAoICAQCt6CRz9BQ385ueK1coHIe+3LffOJCMbjzmV6B493XCov71am72AE8o295ohmxEk7axY/0UEmu/H9LqMZshftEzPLpI9d1537O4/xLxIZpLwYqGcWlKZmZsj348cL+tKSIG8+TA5oCu4kuPt5l+lAOf00eXfJlII1PoOK5PCm+DLtFJV4yAdLbaL9A4jXsDcCEbdfIwPPqPrt3aY6vrFk/CjhFLfs8L6P+1dy70sntK4EwSJQxwjQMpoOFTJOwT2e4ZvxCzSow/iaNhUd6shweU9GNx7C7ib1uYgeGJXDR5bHbvO5BieebbpJovJsXQEOEO3tkQjhb7t/eo98flAgeYjzYIlefiN5YNNnWe+w5ysR2bvAP5SQXYgd0FtCrWQemsAXaVCg/Y39W9Eh81LygXbNKYwagJZHduRze6zqxZXmidf3LWicUGQSk+WT7dJvUkyRGnWqNMQB9GoZm1pzpRboY7nn1ypxIFeFntPlF4FQsDj43QLwWyPntKHEtzBRL8xurgUBN8Q5N0s8p0544fAQjQMNRbcTa0B7rBMDBcSLeCO5imfWCKoqMpgsy6vYMEG6KDA0Gh1gXxG8K28Kh8hjtGqEgqiNx2mna/H2qlPRmP6zjzZN7IKw0KKP/32+IVQtQi0Cdd4Xn+GOdwiK1O5tmLOsbdJ1Fu/7xk9TNDTwIDAQABo0IwQDAOBgNVHQ8BAf8EBAMCAQYwDwYDVR0TAQH/BAUwAwEB/zAdBgNVHQ4EFgQUebRZ5nu25eQBc4AIiMgaWPbpm24wDQYJKoZIhvcNAQELBQADggIBAFUfWKm8sqhQ0Ayx2BppICcpCKxhdVyKbviC5Wkv1fZWS7m4cxBZ0yGXfudMcfuy0mCtOagL6hchVoXxUA5Z687gWem6yRXvhp2PhID25OmRkNwXm2IbRfBmldJ8b8LqO+8fz8vWrifxqbDIrv19fpr6IgTr/9l/6pErIrEXDo/yijRbWNj8AclUubgmzIqIM4lMLYQ8gt/ullcFuiy798S3x047gr4xyCJzc5LRwoCkOTkQMyOCTDyfhrJVmB2+KYaMIpue4ms7VzqCcE3cCceJywoHTWzoXY7J786rx7u1K05F1krQJszlcsoIaqWV4xWh96TtySxfpfv/rCgCLr7Xe7vjcXuQFtMHXkZTfDcHQozTxJac1Zm1KuCVGoBIrkw5B87MR6RSlSu6uPut0jNTfeUdTW3VobHHQm/mQCc1XKMotweN540zkOcjn/tQnHlsRtW0FbOWbn6bDJY6uFItP9Zb4fsIwoT+JKijidqsauEYKrGoQ2Fb0x/cO4128i3ojXXfFzNsPVP7e8tBX//cotBhOOGWuKxdizfXddUzwJkRrp1BwXJ1hL4CQUJfZyRIlNGbJ74HP7m4T4F0UeF6t+2dI+K+4NUoBBM8MQOe3Xpsj8YHGMZ/3keOPyieBAbPpVQ0d73siZvpF0PfW9tf/o4eV6LNQJ1+YiLa3hgnAAAAAQAAAAJoMgABAAAAAEl0bHNmbGFnczB4MDAwMDAwMDA6Y291cnNlcy5tb29jLmZpOjQ0M15wYXJ0aXRpb25LZXk9JTI4aHR0cHMlMkNtb29jLmZpJTI5AAA= request-method GET response-head HTTP/2 200 
date: Tue, 14 Jan 2025 18:21:01 GMT
content-type: application/json
content-length: 85236
request-id: 207b05bb-3933-4851-8dc0-a6458f02d555
strict-transport-security: max-age=15724800; includeSubDomains
X-Firefox-Spdy: h2
 original-response-headers date: Tue, 14 Jan 2025 18:21:01 GMT
content-type: application/json
content-length: 85236
set-cookie: session=unoZdWFYemUD2heZXNr8jWc5Be1P+hgb1KooXnkx4JnO7XniaOSdoiM78rCKnugIWqK2CWuxkySVhqtA9BzgOi8JdEygWzWNbysAVGM1JrMoVCT28%2FX39qeujY2rwJbLYFuY2J5sHeHiFjN5ovmvzrGJ0HuWPwiX6gAaND14CmcfO9NejGbqDvUpq48Zco9DXtnLIGbad203HTVUDgsY3jaYzsUoJu6TKQ1CMb879I7dB4dohrtaCDENDOguH0A+D2AnKocFWs1iTyuV8ZEGAUZjaM2gbLNBs5RC01V%2FUPwdE5DxGJszwUMMq+IKn6v6c8jLQgj2g40fBJxFI7l8TnpfH9BXAHokcfO89K8VmKZr0QCvW6Ol0C3QH3M%3D; HttpOnly; SameSite=Strict; Secure; Path=/api; Max-Age=8640000
request-id: 207b05bb-3933-4851-8dc0-a6458f02d555
strict-transport-security: max-age=15724800; includeSubDomains
X-Firefox-Spdy: h2
 ctid 1  L